Archive member included to satisfy reference by file (symbol)

D:/ST32/STM32CubeCLT_1.18.0/GNU-tools-for-STM32/bin/../lib/gcc/arm-none-eabi/13.3.1/../../../../arm-none-eabi/lib/thumb/v7-m/nofp\libg.a(libc_a-exit.o)
                              D:/ST32/STM32CubeCLT_1.18.0/GNU-tools-for-STM32/bin/../lib/gcc/arm-none-eabi/13.3.1/../../../../arm-none-eabi/lib/thumb/v7-m/nofp/crt0.o (exit)
D:/ST32/STM32CubeCLT_1.18.0/GNU-tools-for-STM32/bin/../lib/gcc/arm-none-eabi/13.3.1/../../../../arm-none-eabi/lib/thumb/v7-m/nofp\libg.a(libc_a-rand.o)
                              CMakeFiles/MasterControl.elf.dir/Hardware/Src/rand_creator.c.obj (srand)
D:/ST32/STM32CubeCLT_1.18.0/GNU-tools-for-STM32/bin/../lib/gcc/arm-none-eabi/13.3.1/../../../../arm-none-eabi/lib/thumb/v7-m/nofp\libg.a(libc_a-findfp.o)
                              D:/ST32/STM32CubeCLT_1.18.0/GNU-tools-for-STM32/bin/../lib/gcc/arm-none-eabi/13.3.1/../../../../arm-none-eabi/lib/thumb/v7-m/nofp\libg.a(libc_a-exit.o) (__stdio_exit_handler)
D:/ST32/STM32CubeCLT_1.18.0/GNU-tools-for-STM32/bin/../lib/gcc/arm-none-eabi/13.3.1/../../../../arm-none-eabi/lib/thumb/v7-m/nofp\libg.a(libc_a-fwalk.o)
                              D:/ST32/STM32CubeCLT_1.18.0/GNU-tools-for-STM32/bin/../lib/gcc/arm-none-eabi/13.3.1/../../../../arm-none-eabi/lib/thumb/v7-m/nofp\libg.a(libc_a-findfp.o) (_fwalk_sglue)
D:/ST32/STM32CubeCLT_1.18.0/GNU-tools-for-STM32/bin/../lib/gcc/arm-none-eabi/13.3.1/../../../../arm-none-eabi/lib/thumb/v7-m/nofp\libg.a(libc_a-stdio.o)
                              D:/ST32/STM32CubeCLT_1.18.0/GNU-tools-for-STM32/bin/../lib/gcc/arm-none-eabi/13.3.1/../../../../arm-none-eabi/lib/thumb/v7-m/nofp\libg.a(libc_a-findfp.o) (__sread)
D:/ST32/STM32CubeCLT_1.18.0/GNU-tools-for-STM32/bin/../lib/gcc/arm-none-eabi/13.3.1/../../../../arm-none-eabi/lib/thumb/v7-m/nofp\libg.a(libc_a-memset.o)
                              D:/ST32/STM32CubeCLT_1.18.0/GNU-tools-for-STM32/bin/../lib/gcc/arm-none-eabi/13.3.1/../../../../arm-none-eabi/lib/thumb/v7-m/nofp/crt0.o (memset)
D:/ST32/STM32CubeCLT_1.18.0/GNU-tools-for-STM32/bin/../lib/gcc/arm-none-eabi/13.3.1/../../../../arm-none-eabi/lib/thumb/v7-m/nofp\libg.a(libc_a-closer.o)
                              D:/ST32/STM32CubeCLT_1.18.0/GNU-tools-for-STM32/bin/../lib/gcc/arm-none-eabi/13.3.1/../../../../arm-none-eabi/lib/thumb/v7-m/nofp\libg.a(libc_a-stdio.o) (_close_r)
D:/ST32/STM32CubeCLT_1.18.0/GNU-tools-for-STM32/bin/../lib/gcc/arm-none-eabi/13.3.1/../../../../arm-none-eabi/lib/thumb/v7-m/nofp\libg.a(libc_a-reent.o)
                              D:/ST32/STM32CubeCLT_1.18.0/GNU-tools-for-STM32/bin/../lib/gcc/arm-none-eabi/13.3.1/../../../../arm-none-eabi/lib/thumb/v7-m/nofp\libg.a(libc_a-closer.o) (errno)
D:/ST32/STM32CubeCLT_1.18.0/GNU-tools-for-STM32/bin/../lib/gcc/arm-none-eabi/13.3.1/../../../../arm-none-eabi/lib/thumb/v7-m/nofp\libg.a(libc_a-impure.o)
                              D:/ST32/STM32CubeCLT_1.18.0/GNU-tools-for-STM32/bin/../lib/gcc/arm-none-eabi/13.3.1/../../../../arm-none-eabi/lib/thumb/v7-m/nofp\libg.a(libc_a-rand.o) (_impure_ptr)
D:/ST32/STM32CubeCLT_1.18.0/GNU-tools-for-STM32/bin/../lib/gcc/arm-none-eabi/13.3.1/../../../../arm-none-eabi/lib/thumb/v7-m/nofp\libg.a(libc_a-lseekr.o)
                              D:/ST32/STM32CubeCLT_1.18.0/GNU-tools-for-STM32/bin/../lib/gcc/arm-none-eabi/13.3.1/../../../../arm-none-eabi/lib/thumb/v7-m/nofp\libg.a(libc_a-stdio.o) (_lseek_r)
D:/ST32/STM32CubeCLT_1.18.0/GNU-tools-for-STM32/bin/../lib/gcc/arm-none-eabi/13.3.1/../../../../arm-none-eabi/lib/thumb/v7-m/nofp\libg.a(libc_a-readr.o)
                              D:/ST32/STM32CubeCLT_1.18.0/GNU-tools-for-STM32/bin/../lib/gcc/arm-none-eabi/13.3.1/../../../../arm-none-eabi/lib/thumb/v7-m/nofp\libg.a(libc_a-stdio.o) (_read_r)
D:/ST32/STM32CubeCLT_1.18.0/GNU-tools-for-STM32/bin/../lib/gcc/arm-none-eabi/13.3.1/../../../../arm-none-eabi/lib/thumb/v7-m/nofp\libg.a(libc_a-writer.o)
                              D:/ST32/STM32CubeCLT_1.18.0/GNU-tools-for-STM32/bin/../lib/gcc/arm-none-eabi/13.3.1/../../../../arm-none-eabi/lib/thumb/v7-m/nofp\libg.a(libc_a-stdio.o) (_write_r)
D:/ST32/STM32CubeCLT_1.18.0/GNU-tools-for-STM32/bin/../lib/gcc/arm-none-eabi/13.3.1/../../../../arm-none-eabi/lib/thumb/v7-m/nofp\libg.a(libc_a-errno.o)
                              CMakeFiles/MasterControl.elf.dir/Core/Src/syscalls.c.obj (__errno)
D:/ST32/STM32CubeCLT_1.18.0/GNU-tools-for-STM32/bin/../lib/gcc/arm-none-eabi/13.3.1/../../../../arm-none-eabi/lib/thumb/v7-m/nofp\libg.a(libc_a-init.o)
                              D:/ST32/STM32CubeCLT_1.18.0/GNU-tools-for-STM32/bin/../lib/gcc/arm-none-eabi/13.3.1/../../../../arm-none-eabi/lib/thumb/v7-m/nofp/crt0.o (__libc_init_array)
D:/ST32/STM32CubeCLT_1.18.0/GNU-tools-for-STM32/bin/../lib/gcc/arm-none-eabi/13.3.1/../../../../arm-none-eabi/lib/thumb/v7-m/nofp\libg.a(libc_a-lock.o)
[...]
Memory Configuration

Name             Origin             Length             Attributes
RAM              0x20000000         0x00005000         xrw
FLASH            0x08000000         0x00010000         xr
*default*        0x00000000         0xffffffff

Linker script and memory map

LOAD D:/ST32/STM32CubeCLT_1.18.0/GNU-tools-for-STM32/bin/../lib/gcc/arm-none-eabi/13.3.1/thumb/v7-m/nofp/crti.o
LOAD D:/ST32/STM32CubeCLT_1.18.0/GNU-tools-for-STM32/bin/../lib/gcc/arm-none-eabi/13.3.1/thumb/v7-m/nofp/crtbegin.o
LOAD D:/ST32/STM32CubeCLT_1.18.0/GNU-tools-for-STM32/bin/../lib/gcc/arm-none-eabi/13.3.1/../../../../arm-none-eabi/lib/thumb/v7-m/nofp/crt0.o
LOAD CMakeFiles/MasterControl.elf.dir/Core/Src/can.c.obj
LOAD CMakeFiles/MasterControl.elf.dir/Core/Src/dma.c.obj
LOAD CMakeFiles/MasterControl.elf.dir/Core/Src/gpio.c.obj
LOAD CMakeFiles/MasterControl.elf.dir/Core/Src/main.c.obj
LOAD CMakeFiles/MasterControl.elf.dir/Core/Src/stm32f1xx_hal_msp.c.obj
LOAD CMakeFiles/MasterControl.elf.dir/Core/Src/stm32f1xx_it.c.obj
LOAD CMakeFiles/MasterControl.elf.dir/Core/Src/syscalls.c.obj
LOAD CMakeFiles/MasterControl.elf.dir/Core/Src/sysmem.c.obj
LOAD CMakeFiles/MasterControl.elf.dir/Core/Src/system_stm32f1xx.c.obj
LOAD CMakeFiles/MasterControl.elf.dir/Core/Src/tim.c.obj
LOAD CMakeFiles/MasterControl.elf.dir/Core/Src/usart.c.obj
LOAD CMakeFiles/MasterControl.elf.dir/Core/Startup/startup_stm32f103c8tx.s.obj
LOAD CMakeFiles/MasterControl.elf.dir/Drivers/STM32F1xx_HAL_Driver/Src/stm32f1xx_hal.c.obj
LOAD CMakeFiles/MasterControl.elf.dir/Drivers/STM32F1xx_HAL_Driver/Src/stm32f1xx_hal_can.c.obj
LOAD CMakeFiles/MasterControl.elf.dir/Drivers/STM32F1xx_HAL_Driver/Src/stm32f1xx_hal_cortex.c.obj
LOAD CMakeFiles/MasterControl.elf.dir/Drivers/STM32F1xx_HAL_Driver/Src/stm32f1xx_hal_dma.c.obj
LOAD CMakeFiles/MasterControl.elf.dir/Drivers/STM32F1xx_HAL_Driver/Src/stm32f1xx_hal_exti.c.obj
LOAD CMakeFiles/MasterControl.elf.dir/Drivers/STM32F1xx_HAL_Driver/Src/stm32f1xx_hal_flash.c.obj
LOAD CMakeFiles/MasterControl.elf.dir/Drivers/STM32F1xx_HAL_Driver/Src/stm32f1xx_hal_flash_ex.c.obj
LOAD CMakeFiles/MasterControl.elf.dir/Drivers/STM32F1xx_HAL_Driver/Src/stm32f1xx_hal_gpio.c.obj
LOAD CMakeFiles/MasterControl.elf.dir/Drivers/STM32F1xx_HAL_Driver/Src/stm32f1xx_hal_gpio_ex.c.obj
LOAD CMakeFiles/MasterControl.elf.dir/Drivers/STM32F1xx_HAL_Driver/Src/stm32f1xx_hal_pwr.c.obj
LOAD CMakeFiles/MasterControl.elf.dir/Drivers/STM32F1xx_HAL_Driver/Src/stm32f1xx_hal_rcc.c.obj
LOAD CMakeFiles/MasterControl.elf.dir/Drivers/STM32F1xx_HAL_Driver/Src/stm32f1xx_hal_rcc_ex.c.obj
LOAD CMakeFiles/MasterControl.elf.dir/Drivers/STM32F1xx_HAL_Driver/Src/stm32f1xx_hal_tim.c.obj
LOAD CMakeFiles/MasterControl.elf.dir/Drivers/STM32F1xx_HAL_Driver/Src/stm32f1xx_hal_tim_ex.c.obj
LOAD CMakeFiles/MasterControl.elf.dir/Drivers/STM32F1xx_HAL_Driver/Src/stm32f1xx_hal_uart.c.obj
LOAD CMakeFiles/MasterControl.elf.dir/Hardware/Src/Timer.c.obj
LOAD CMakeFiles/MasterControl.elf.dir/Hardware/Src/bitmap.c.obj
LOAD CMakeFiles/MasterControl.elf.dir/Hardware/Src/deliver.c.obj
LOAD CMakeFiles/MasterControl.elf.dir/Hardware/Src/infrared.c.obj
LOAD CMakeFiles/MasterControl.elf.dir/Hardware/Src/light.c.obj
LOAD CMakeFiles/MasterControl.elf.dir/Hardware/Src/rand_creator.c.obj
LOAD CMakeFiles/MasterControl.elf.dir/Hardware/Src/ws2812b_hal.c.obj
START GROUP
LOAD D:/ST32/STM32CubeCLT_1.18.0/GNU-tools-for-STM32/bin/../lib/gcc/arm-none-eabi/13.3.1/thumb/v7-m/nofp\libgcc.a
LOAD D:/ST32/STM32CubeCLT_1.18.0/GNU-tools-for-STM32/bin/../lib/gcc/arm-none-eabi/13.3.1/../../../../arm-none-eabi/lib/thumb/v7-m/nofp\libg.a
LOAD D:/ST32/STM32CubeCLT_1.18.0/GNU-tools-for-STM32/bin/../lib/gcc/arm-none-eabi/13.3.1/../../../../arm-none-eabi/lib/thumb/v7-m/nofp\libc.a
END GROUP
LOAD D:/ST32/STM32CubeCLT_1.18.0/GNU-tools-for-STM32/bin/../lib/gcc/arm-none-eabi/13.3.1/thumb/v7-m/nofp/crtend.o
LOAD D:/ST32/STM32CubeCLT_1.18.0/GNU-tools-for-STM32/bin/../lib/gcc/arm-none-eabi/13.3.1/thumb/v7-m/nofp/crtn.o
                0x20005000                        _estack = (ORIGIN (RAM) + LENGTH (RAM))
                0x00000200                        _Min_Heap_Size = 0x200
                0x00000400                        _Min_Stack_Size = 0x400

.isr_vector     0x08000000      0x10c
                0x08000000                        . = ALIGN (0x4)
 *(.isr_vector)
 .isr_vector    0x08000000      0x10c CMakeFiles/MasterControl.elf.dir/Core/Startup/startup_stm32f103c8tx.s.obj
                0x08000000                g_pfnVectors
                0x0800010c                        . = ALIGN (0x4)

.text           0x0800010c     0x3868
                0x0800010c                        . = ALIGN (0x4)
 *(.text)
 .text          0x0800010c       0x40 D:/ST32/STM32CubeCLT_1.18.0/GNU-tools-for-STM32/bin/../lib/gcc/arm-none-eabi/13.3.1/thumb/v7-m/nofp/crtbegin.o
 *(.text*)
 .text.MX_CAN_Init
                0x0800014c       0x40 CMakeFiles/MasterControl.elf.dir/Core/Src/can.c.obj
                0x0800014c                MX_CAN_Init
 .text.HAL_CAN_MspInit
                0x0800018c       0x84 CMakeFiles/MasterControl.elf.dir/Core/Src/can.c.obj
                0x0800018c                HAL_CAN_MspInit
 .text.MX_DMA_Init
                0x08000210       0x34 CMakeFiles/MasterControl.elf.dir/Core/Src/dma.c.obj
                0x08000210                MX_DMA_Init
 .text.MX_GPIO_Init
                0x08000244       0xc8 CMakeFiles/MasterControl.elf.dir/Core/Src/gpio.c.obj
                0x08000244                MX_GPIO_Init
 .text.Error_Handler
                0x0800030c        0x4 CMakeFiles/MasterControl.elf.dir/Core/Src/main.c.obj
                0x0800030c                Error_Handler
 .text.SystemClock_Config
                0x08000310       0x64 CMakeFiles/MasterControl.elf.dir/Core/Src/main.c.obj
                0x08000310                SystemClock_Config
 .text.main     0x08000374       0x54 CMakeFiles/MasterControl.elf.dir/Core/Src/main.c.obj
                0x08000374                main
 .text.HAL_MspInit
                0x080003c8       0x44 CMakeFiles/MasterControl.elf.dir/Core/Src/stm32f1xx_hal_msp.c.obj
                0x080003c8                HAL_MspInit
 .text.NMI_Handler
                0x0800040c        0x2 CMakeFiles/MasterControl.elf.dir/Core/Src/stm32f1xx_it.c.obj
                0x0800040c                NMI_Handler
 .text.HardFault_Handler
                0x0800040e        0x2 CMakeFiles/MasterControl.elf.dir/Core/Src/stm32f1xx_it.c.obj
                0x0800040e                HardFault_Handler
 .text.MemManage_Handler
                0x08000410        0x2 CMakeFiles/MasterControl.elf.dir/Core/Src/stm32f1xx_it.c.obj
                0x08000410                MemManage_Handler
 .text.BusFault_Handler
                0x08000412        0x2 CMakeFiles/MasterControl.elf.dir/Core/Src/stm32f1xx_it.c.obj
                0x08000412                BusFault_Handler
 .text.UsageFault_Handler
                0x08000414        0x2 CMakeFiles/MasterControl.elf.dir/Core/Src/stm32f1xx_it.c.obj
                0x08000414                UsageFault_Handler
 .text.SVC_Handler
                0x08000416        0x2 CMakeFiles/MasterControl.elf.dir/Core/Src/stm32f1xx_it.c.obj
                0x08000416                SVC_Handler
 .text.DebugMon_Handler
                0x08000418        0x2 CMakeFiles/MasterControl.elf.dir/Core/Src/stm32f1xx_it.c.obj
                0x08000418                DebugMon_Handler
 .text.PendSV_Handler
                0x0800041a        0x2 CMakeFiles/MasterControl.elf.dir/Core/Src/stm32f1xx_it.c.obj
                0x0800041a                PendSV_Handler
 .text.SysTick_Handler
                0x0800041c        0x8 CMakeFiles/MasterControl.elf.dir/Core/Src/stm32f1xx_it.c.obj
                0x0800041c                SysTick_Handler
 .text.EXTI3_IRQHandler
                0x08000424        0xa CMakeFiles/MasterControl.elf.dir/Core/Src/stm32f1xx_it.c.obj
                0x08000424                EXTI3_IRQHandler
 *fill*         0x0800042e        0x2 
 .text.DMA1_Channel2_IRQHandler
                0x08000430       0x10 CMakeFiles/MasterControl.elf.dir/Core/Src/stm32f1xx_it.c.obj
                0x08000430                DMA1_Channel2_IRQHandler
 .text.USB_LP_CAN1_RX0_IRQHandler
                0x08000440       0x10 CMakeFiles/MasterControl.elf.dir/Core/Src/stm32f1xx_it.c.obj
                0x08000440                USB_LP_CAN1_RX0_IRQHandler
 .text.TIM4_IRQHandler
                0x08000450       0x10 CMakeFiles/MasterControl.elf.dir/Core/Src/stm32f1xx_it.c.obj
                0x08000450                TIM4_IRQHandler
 .text.USART1_IRQHandler
                0x08000460       0x10 CMakeFiles/MasterControl.elf.dir/Core/Src/stm32f1xx_it.c.obj
                0x08000460                USART1_IRQHandler
 .text.SystemInit
                0x08000470        0x2 CMakeFiles/MasterControl.elf.dir/Core/Src/system_stm32f1xx.c.obj
                0x08000470                SystemInit
 *fill*         0x08000472        0x2 
 .text.MX_TIM3_Init
                0x08000474       0x70 CMakeFiles/MasterControl.elf.dir/Core/Src/tim.c.obj
                0x08000474                MX_TIM3_Init
 .text.MX_TIM4_Init
                0x080004e4       0x70 CMakeFiles/MasterControl.elf.dir/Core/Src/tim.c.obj
                0x080004e4                MX_TIM4_Init
 .text.HAL_TIM_Base_MspInit
                0x08000554       0xc4 CMakeFiles/MasterControl.elf.dir/Core/Src/tim.c.obj
                0x08000554                HAL_TIM_Base_MspInit
 .text.HAL_TIM_MspPostInit
                0x08000618       0x50 CMakeFiles/MasterControl.elf.dir/Core/Src/tim.c.obj
                0x08000618                HAL_TIM_MspPostInit
 .text.MX_TIM1_Init
                0x08000668       0xe4 CMakeFiles/MasterControl.elf.dir/Core/Src/tim.c.obj
                0x08000668                MX_TIM1_Init
 .text.MX_USART1_UART_Init
                0x0800074c       0x34 CMakeFiles/MasterControl.elf.dir/Core/Src/usart.c.obj
                0x0800074c                MX_USART1_UART_Init
 .text.HAL_UART_MspInit
                0x08000780       0x88 CMakeFiles/MasterControl.elf.dir/Core/Src/usart.c.obj
                0x08000780                HAL_UART_MspInit
 .text.Reset_Handler
                0x08000808       0x48 CMakeFiles/MasterControl.elf.dir/Core/Startup/startup_stm32f103c8tx.s.obj
                0x08000808                Reset_Handler
 .text.Default_Handler
                0x08000850        0x2 CMakeFiles/MasterControl.elf.dir/Core/Startup/startup_stm32f103c8tx.s.obj
                0x08000850                RTC_Alarm_IRQHandler
                0x08000850                EXTI2_IRQHandler
                0x08000850                TIM1_CC_IRQHandler
                0x08000850                PVD_IRQHandler
                0x08000850                EXTI0_IRQHandler
                0x08000850                I2C2_EV_IRQHandler
                0x08000850                ADC1_2_IRQHandler
                0x08000850                SPI1_IRQHandler
                0x08000850                TAMPER_IRQHandler
                0x08000850                DMA1_Channel4_IRQHandler
                0x08000850                USART3_IRQHandler
                0x08000850                RTC_IRQHandler
                0x08000850                DMA1_Channel7_IRQHandler
                0x08000850                CAN1_RX1_IRQHandler
                0x08000850                I2C1_EV_IRQHandler
                0x08000850                DMA1_Channel6_IRQHandler
                0x08000850                TIM3_IRQHandler
                0x08000850                RCC_IRQHandler
                0x08000850                TIM1_TRG_COM_IRQHandler
                0x08000850                DMA1_Channel1_IRQHandler
                0x08000850                Default_Handler
                0x08000850                EXTI15_10_IRQHandler
                0x08000850                EXTI9_5_IRQHandler
                0x08000850                SPI2_IRQHandler
                0x08000850                DMA1_Channel5_IRQHandler
                0x08000850                EXTI4_IRQHandler
                0x08000850                USB_HP_CAN1_TX_IRQHandler
                0x08000850                DMA1_Channel3_IRQHandler
                0x08000850                TIM1_UP_IRQHandler
                0x08000850                WWDG_IRQHandler
                0x08000850                TIM2_IRQHandler
                0x08000850                TIM1_BRK_IRQHandler
                0x08000850                EXTI1_IRQHandler
                0x08000850                USART2_IRQHandler
                0x08000850                I2C2_ER_IRQHandler
                0x08000850                CAN1_SCE_IRQHandler
                0x08000850                FLASH_IRQHandler
                0x08000850                I2C1_ER_IRQHandler
                0x08000850                USBWakeUp_IRQHandler
 *fill*         0x08000852        0x2 
 .text.HAL_InitTick
                0x08000854       0x4c CMakeFiles/MasterControl.elf.dir/Drivers/STM32F1xx_HAL_Driver/Src/stm32f1xx_hal.c.obj
                0x08000854                HAL_InitTick
 .text.HAL_Init
                0x080008a0       0x24 CMakeFiles/MasterControl.elf.dir/Drivers/STM32F1xx_HAL_Driver/Src/stm32f1xx_hal.c.obj
                0x080008a0                HAL_Init
 .text.HAL_IncTick
                0x080008c4       0x18 CMakeFiles/MasterControl.elf.dir/Drivers/STM32F1xx_HAL_Driver/Src/stm32f1xx_hal.c.obj
                0x080008c4                HAL_IncTick
 .text.HAL_GetTick
                0x080008dc        0xc CMakeFiles/MasterControl.elf.dir/Drivers/STM32F1xx_HAL_Driver/Src/stm32f1xx_hal.c.obj
                0x080008dc                HAL_GetTick
 .text.HAL_Delay
                0x080008e8       0x28 CMakeFiles/MasterControl.elf.dir/Drivers/STM32F1xx_HAL_Driver/Src/stm32f1xx_hal.c.obj
                0x080008e8                HAL_Delay
 .text.HAL_CAN_Init
                0x08000910      0x14c CMakeFiles/MasterControl.elf.dir/Drivers/STM32F1xx_HAL_Driver/Src/stm32f1xx_hal_can.c.obj
                0x08000910                HAL_CAN_Init
 .text.HAL_CAN_ConfigFilter
                0x08000a5c      0x10c CMakeFiles/MasterControl.elf.dir/Drivers/STM32F1xx_HAL_Driver/Src/stm32f1xx_hal_can.c.obj
                0x08000a5c                HAL_CAN_ConfigFilter
 .text.HAL_CAN_Start
                0x08000b68       0x5c CMakeFiles/MasterControl.elf.dir/Drivers/STM32F1xx_HAL_Driver/Src/stm32f1xx_hal_can.c.obj
                0x08000b68                HAL_CAN_Start
 .text.HAL_CAN_AddTxMessage
                0x08000bc4       0xea CMakeFiles/MasterControl.elf.dir/Drivers/STM32F1xx_HAL_Driver/Src/stm32f1xx_hal_can.c.obj
                0x08000bc4                HAL_CAN_AddTxMessage
 .text.HAL_CAN_GetRxMessage
                0x08000cae      0x16a CMakeFiles/MasterControl.elf.dir/Drivers/STM32F1xx_HAL_Driver/Src/stm32f1xx_hal_can.c.obj
                0x08000cae                HAL_CAN_GetRxMessage
 .text.HAL_CAN_ActivateNotification
                0x08000e18       0x24 CMakeFiles/MasterControl.elf.dir/Drivers/STM32F1xx_HAL_Driver/Src/stm32f1xx_hal_can.c.obj
                0x08000e18                HAL_CAN_ActivateNotification
 .text.HAL_CAN_TxMailbox0CompleteCallback
                0x08000e3c        0x2 CMakeFiles/MasterControl.elf.dir/Drivers/STM32F1xx_HAL_Driver/Src/stm32f1xx_hal_can.c.obj
                0x08000e3c                HAL_CAN_TxMailbox0CompleteCallback
 .text.HAL_CAN_TxMailbox1CompleteCallback
                0x08000e3e        0x2 CMakeFiles/MasterControl.elf.dir/Drivers/STM32F1xx_HAL_Driver/Src/stm32f1xx_hal_can.c.obj
                0x08000e3e                HAL_CAN_TxMailbox1CompleteCallback
 .text.HAL_CAN_TxMailbox2CompleteCallback
                0x08000e40        0x2 CMakeFiles/MasterControl.elf.dir/Drivers/STM32F1xx_HAL_Driver/Src/stm32f1xx_hal_can.c.obj
                0x08000e40                HAL_CAN_TxMailbox2CompleteCallback
 .text.HAL_CAN_TxMailbox0AbortCallback
                0x08000e42        0x2 CMakeFiles/MasterControl.elf.dir/Drivers/STM32F1xx_HAL_Driver/Src/stm32f1xx_hal_can.c.obj
                0x08000e42                HAL_CAN_TxMailbox0AbortCallback
 .text.HAL_CAN_TxMailbox1AbortCallback
                0x08000e44        0x2 CMakeFiles/MasterControl.elf.dir/Drivers/STM32F1xx_HAL_Driver/Src/stm32f1xx_hal_can.c.obj
                0x08000e44                HAL_CAN_TxMailbox1AbortCallback
 .text.HAL_CAN_TxMailbox2AbortCallback
                0x08000e46        0x2 CMakeFiles/MasterControl.elf.dir/Drivers/STM32F1xx_HAL_Driver/Src/stm32f1xx_hal_can.c.obj
                0x08000e46                HAL_CAN_TxMailbox2AbortCallback
 .text.HAL_CAN_RxFifo0FullCallback
                0x08000e48        0x2 CMakeFiles/MasterControl.elf.dir/Drivers/STM32F1xx_HAL_Driver/Src/stm32f1xx_hal_can.c.obj
                0x08000e48                HAL_CAN_RxFifo0FullCallback
 .text.HAL_CAN_RxFifo1MsgPendingCallback
                0x08000e4a        0x2 CMakeFiles/MasterControl.elf.dir/Drivers/STM32F1xx_HAL_Driver/Src/stm32f1xx_hal_can.c.obj
                0x08000e4a                HAL_CAN_RxFifo1MsgPendingCallback
 .text.HAL_CAN_RxFifo1FullCallback
                0x08000e4c        0x2 CMakeFiles/MasterControl.elf.dir/Drivers/STM32F1xx_HAL_Driver/Src/stm32f1xx_hal_can.c.obj
                0x08000e4c                HAL_CAN_RxFifo1FullCallback
 .text.HAL_CAN_SleepCallback
                0x08000e4e        0x2 CMakeFiles/MasterControl.elf.dir/Drivers/STM32F1xx_HAL_Driver/Src/stm32f1xx_hal_can.c.obj
                0x08000e4e                HAL_CAN_SleepCallback
 .text.HAL_CAN_WakeUpFromRxMsgCallback
                0x08000e50        0x2 CMakeFiles/MasterControl.elf.dir/Drivers/STM32F1xx_HAL_Driver/Src/stm32f1xx_hal_can.c.obj
                0x08000e50                HAL_CAN_WakeUpFromRxMsgCallback
 .text.HAL_CAN_ErrorCallback
                0x08000e52        0x2 CMakeFiles/MasterControl.elf.dir/Drivers/STM32F1xx_HAL_Driver/Src/stm32f1xx_hal_can.c.obj
                0x08000e52                HAL_CAN_ErrorCallback
 .text.HAL_CAN_IRQHandler
                0x08000e54      0x250 CMakeFiles/MasterControl.elf.dir/Drivers/STM32F1xx_HAL_Driver/Src/stm32f1xx_hal_can.c.obj
                0x08000e54                HAL_CAN_IRQHandler
 .text.__NVIC_SetPriority
                0x080010a4       0x28 CMakeFiles/MasterControl.elf.dir/Drivers/STM32F1xx_HAL_Driver/Src/stm32f1xx_hal_cortex.c.obj
 .text.NVIC_EncodePriority
                0x080010cc       0x3e CMakeFiles/MasterControl.elf.dir/Drivers/STM32F1xx_HAL_Driver/Src/stm32f1xx_hal_cortex.c.obj
 *fill*         0x0800110a        0x2 
 .text.HAL_NVIC_SetPriorityGrouping
                0x0800110c       0x24 CMakeFiles/MasterControl.elf.dir/Drivers/STM32F1xx_HAL_Driver/Src/stm32f1xx_hal_cortex.c.obj
                0x0800110c                HAL_NVIC_SetPriorityGrouping
 .text.HAL_NVIC_SetPriority
                0x08001130       0x20 CMakeFiles/MasterControl.elf.dir/Drivers/STM32F1xx_HAL_Driver/Src/stm32f1xx_hal_cortex.c.obj
                0x08001130                HAL_NVIC_SetPriority
 .text.HAL_NVIC_EnableIRQ
                0x08001150       0x1c CMakeFiles/MasterControl.elf.dir/Drivers/STM32F1xx_HAL_Driver/Src/stm32f1xx_hal_cortex.c.obj
                0x08001150                HAL_NVIC_EnableIRQ
 .text.HAL_SYSTICK_Config
                0x0800116c       0x28 CMakeFiles/MasterControl.elf.dir/Drivers/STM32F1xx_HAL_Driver/Src/stm32f1xx_hal_cortex.c.obj
                0x0800116c                HAL_SYSTICK_Config
 .text.DMA_SetConfig
                0x08001194       0x2c CMakeFiles/MasterControl.elf.dir/Drivers/STM32F1xx_HAL_Driver/Src/stm32f1xx_hal_dma.c.obj
 .text.HAL_DMA_Init
                0x080011c0       0x68 CMakeFiles/MasterControl.elf.dir/Drivers/STM32F1xx_HAL_Driver/Src/stm32f1xx_hal_dma.c.obj
                0x080011c0                HAL_DMA_Init
 .text.HAL_DMA_Start_IT
                0x08001228       0x76 CMakeFiles/MasterControl.elf.dir/Drivers/STM32F1xx_HAL_Driver/Src/stm32f1xx_hal_dma.c.obj
                0x08001228                HAL_DMA_Start_IT
 .text.HAL_DMA_Abort
                0x0800129e       0x46 CMakeFiles/MasterControl.elf.dir/Drivers/STM32F1xx_HAL_Driver/Src/stm32f1xx_hal_dma.c.obj
                0x0800129e                HAL_DMA_Abort
 .text.HAL_DMA_Abort_IT
                0x080012e4       0x98 CMakeFiles/MasterControl.elf.dir/Drivers/STM32F1xx_HAL_Driver/Src/stm32f1xx_hal_dma.c.obj
                0x080012e4                HAL_DMA_Abort_IT
 .text.HAL_DMA_IRQHandler
                0x0800137c      0x144 CMakeFiles/MasterControl.elf.dir/Drivers/STM32F1xx_HAL_Driver/Src/stm32f1xx_hal_dma.c.obj
                0x0800137c                HAL_DMA_IRQHandler
 .text.HAL_GPIO_Init
                0x080014c0      0x21c CMakeFiles/MasterControl.elf.dir/Drivers/STM32F1xx_HAL_Driver/Src/stm32f1xx_hal_gpio.c.obj
                0x080014c0                HAL_GPIO_Init
 .text.HAL_GPIO_WritePin
                0x080016dc        0xc CMakeFiles/MasterControl.elf.dir/Drivers/STM32F1xx_HAL_Driver/Src/stm32f1xx_hal_gpio.c.obj
                0x080016dc                HAL_GPIO_WritePin
 .text.HAL_GPIO_TogglePin
                0x080016e8       0x12 CMakeFiles/MasterControl.elf.dir/Drivers/STM32F1xx_HAL_Driver/Src/stm32f1xx_hal_gpio.c.obj
                0x080016e8                HAL_GPIO_TogglePin
 .text.HAL_GPIO_EXTI_Callback
                0x080016fa        0x2 CMakeFiles/MasterControl.elf.dir/Drivers/STM32F1xx_HAL_Driver/Src/stm32f1xx_hal_gpio.c.obj
                0x080016fa                HAL_GPIO_EXTI_Callback
 .text.HAL_GPIO_EXTI_IRQHandler
                0x080016fc       0x1c CMakeFiles/MasterControl.elf.dir/Drivers/STM32F1xx_HAL_Driver/Src/stm32f1xx_hal_gpio.c.obj
                0x080016fc                HAL_GPIO_EXTI_IRQHandler
 .text.RCC_Delay
                0x08001718       0x2c CMakeFiles/MasterControl.elf.dir/Drivers/STM32F1xx_HAL_Driver/Src/stm32f1xx_hal_rcc.c.obj
 .text.HAL_RCC_OscConfig
                0x08001744      0x410 CMakeFiles/MasterControl.elf.dir/Drivers/STM32F1xx_HAL_Driver/Src/stm32f1xx_hal_rcc.c.obj
                0x08001744                HAL_RCC_OscConfig
 .text.HAL_RCC_GetSysClockFreq
                0x08001b54       0x54 CMakeFiles/MasterControl.elf.dir/Drivers/STM32F1xx_HAL_Driver/Src/stm32f1xx_hal_rcc.c.obj
                0x08001b54                HAL_RCC_GetSysClockFreq
 .text.HAL_RCC_ClockConfig
                0x08001ba8      0x16c CMakeFiles/MasterControl.elf.dir/Drivers/STM32F1xx_HAL_Driver/Src/stm32f1xx_hal_rcc.c.obj
                0x08001ba8                HAL_RCC_ClockConfig
 .text.HAL_RCC_GetHCLKFreq
                0x08001d14        0xc CMakeFiles/MasterControl.elf.dir/Drivers/STM32F1xx_HAL_Driver/Src/stm32f1xx_hal_rcc.c.obj
                0x08001d14                HAL_RCC_GetHCLKFreq
 .text.HAL_RCC_GetPCLK1Freq
                0x08001d20       0x20 CMakeFiles/MasterControl.elf.dir/Drivers/STM32F1xx_HAL_Driver/Src/stm32f1xx_hal_rcc.c.obj
                0x08001d20                HAL_RCC_GetPCLK1Freq
 .text.HAL_RCC_GetPCLK2Freq
                0x08001d40       0x20 CMakeFiles/MasterControl.elf.dir/Drivers/STM32F1xx_HAL_Driver/Src/stm32f1xx_hal_rcc.c.obj
                0x08001d40                HAL_RCC_GetPCLK2Freq
 .text.TIM_OC1_SetConfig
                0x08001d60       0x54 CMakeFiles/MasterControl.elf.dir/Drivers/STM32F1xx_HAL_Driver/Src/stm32f1xx_hal_tim.c.obj
 .text.TIM_OC3_SetConfig
                0x08001db4       0x5c CMakeFiles/MasterControl.elf.dir/Drivers/STM32F1xx_HAL_Driver/Src/stm32f1xx_hal_tim.c.obj
 .text.TIM_OC4_SetConfig
                0x08001e10       0x48 CMakeFiles/MasterControl.elf.dir/Drivers/STM32F1xx_HAL_Driver/Src/stm32f1xx_hal_tim.c.obj
 .text.TIM_TI1_ConfigInputStage
                0x08001e58       0x24 CMakeFiles/MasterControl.elf.dir/Drivers/STM32F1xx_HAL_Driver/Src/stm32f1xx_hal_tim.c.obj
 .text.TIM_TI2_ConfigInputStage
                0x08001e7c       0x26 CMakeFiles/MasterControl.elf.dir/Drivers/STM32F1xx_HAL_Driver/Src/stm32f1xx_hal_tim.c.obj
 .text.TIM_ITRx_SetConfig
                0x08001ea2       0x10 CMakeFiles/MasterControl.elf.dir/Drivers/STM32F1xx_HAL_Driver/Src/stm32f1xx_hal_tim.c.obj
 *fill*         0x08001eb2        0x2 
 .text.HAL_TIM_Base_Start
                0x08001eb4       0x5c CMakeFiles/MasterControl.elf.dir/Drivers/STM32F1xx_HAL_Driver/Src/stm32f1xx_hal_tim.c.obj
                0x08001eb4                HAL_TIM_Base_Start
 .text.HAL_TIM_Base_Start_IT
                0x08001f10       0x68 CMakeFiles/MasterControl.elf.dir/Drivers/STM32F1xx_HAL_Driver/Src/stm32f1xx_hal_tim.c.obj
                0x08001f10                HAL_TIM_Base_Start_IT
 .text.HAL_TIM_PWM_MspInit
                0x08001f78        0x2 CMakeFiles/MasterControl.elf.dir/Drivers/STM32F1xx_HAL_Driver/Src/stm32f1xx_hal_tim.c.obj
                0x08001f78                HAL_TIM_PWM_MspInit
 .text.HAL_TIM_OC_DelayElapsedCallback
                0x08001f7a        0x2 CMakeFiles/MasterControl.elf.dir/Drivers/STM32F1xx_HAL_Driver/Src/stm32f1xx_hal_tim.c.obj
                0x08001f7a                HAL_TIM_OC_DelayElapsedCallback
 .text.HAL_TIM_IC_CaptureCallback
                0x08001f7c        0x2 CMakeFiles/MasterControl.elf.dir/Drivers/STM32F1xx_HAL_Driver/Src/stm32f1xx_hal_tim.c.obj
                0x08001f7c                HAL_TIM_IC_CaptureCallback
 .text.TIM_DMADelayPulseCplt
                0x08001f7e       0x70 CMakeFiles/MasterControl.elf.dir/Drivers/STM32F1xx_HAL_Driver/Src/stm32f1xx_hal_tim.c.obj
 .text.TIM_DMADelayPulseHalfCplt
                0x08001fee       0x3e CMakeFiles/MasterControl.elf.dir/Drivers/STM32F1xx_HAL_Driver/Src/stm32f1xx_hal_tim.c.obj
                0x08001fee                TIM_DMADelayPulseHalfCplt
 .text.HAL_TIM_TriggerCallback
                0x0800202c        0x2 CMakeFiles/MasterControl.elf.dir/Drivers/STM32F1xx_HAL_Driver/Src/stm32f1xx_hal_tim.c.obj
                0x0800202c                HAL_TIM_TriggerCallback
 .text.HAL_TIM_IRQHandler
                0x0800202e      0x17a CMakeFiles/MasterControl.elf.dir/Drivers/STM32F1xx_HAL_Driver/Src/stm32f1xx_hal_tim.c.obj
                0x0800202e                HAL_TIM_IRQHandler
 .text.HAL_TIM_ErrorCallback
                0x080021a8        0x2 CMakeFiles/MasterControl.elf.dir/Drivers/STM32F1xx_HAL_Driver/Src/stm32f1xx_hal_tim.c.obj
                0x080021a8                HAL_TIM_ErrorCallback
 .text.TIM_DMAError
                0x080021aa       0x5c CMakeFiles/MasterControl.elf.dir/Drivers/STM32F1xx_HAL_Driver/Src/stm32f1xx_hal_tim.c.obj
                0x080021aa                TIM_DMAError
 *fill*         0x08002206        0x2 
 .text.TIM_Base_SetConfig
                0x08002208       0x74 CMakeFiles/MasterControl.elf.dir/Drivers/STM32F1xx_HAL_Driver/Src/stm32f1xx_hal_tim.c.obj
                0x08002208                TIM_Base_SetConfig
 .text.HAL_TIM_Base_Init
                0x0800227c       0x58 CMakeFiles/MasterControl.elf.dir/Drivers/STM32F1xx_HAL_Driver/Src/stm32f1xx_hal_tim.c.obj
                0x0800227c                HAL_TIM_Base_Init
 .text.HAL_TIM_PWM_Init
                0x080022d4       0x58 CMakeFiles/MasterControl.elf.dir/Drivers/STM32F1xx_HAL_Driver/Src/stm32f1xx_hal_tim.c.obj
                0x080022d4                HAL_TIM_PWM_Init
 .text.TIM_OC2_SetConfig
                0x0800232c       0x5c CMakeFiles/MasterControl.elf.dir/Drivers/STM32F1xx_HAL_Driver/Src/stm32f1xx_hal_tim.c.obj
                0x0800232c                TIM_OC2_SetConfig
 .text.HAL_TIM_PWM_ConfigChannel
                0x08002388       0xdc CMakeFiles/MasterControl.elf.dir/Drivers/STM32F1xx_HAL_Driver/Src/stm32f1xx_hal_tim.c.obj
                0x08002388                HAL_TIM_PWM_ConfigChannel
 .text.TIM_ETR_SetConfig
                0x08002464       0x18 CMakeFiles/MasterControl.elf.dir/Drivers/STM32F1xx_HAL_Driver/Src/stm32f1xx_hal_tim.c.obj
                0x08002464                TIM_ETR_SetConfig
 .text.HAL_TIM_ConfigClockSource
                0x0800247c       0xfe CMakeFiles/MasterControl.elf.dir/Drivers/STM32F1xx_HAL_Driver/Src/stm32f1xx_hal_tim.c.obj
                0x0800247c                HAL_TIM_ConfigClockSource
 .text.TIM_CCxChannelCmd
                0x0800257a       0x1e CMakeFiles/MasterControl.elf.dir/Drivers/STM32F1xx_HAL_Driver/Src/stm32f1xx_hal_tim.c.obj
                0x0800257a                TIM_CCxChannelCmd
 .text.HAL_TIM_PWM_Start_DMA
                0x08002598      0x26c CMakeFiles/MasterControl.elf.dir/Drivers/STM32F1xx_HAL_Driver/Src/stm32f1xx_hal_tim.c.obj
                0x08002598                HAL_TIM_PWM_Start_DMA
 .text.HAL_TIM_PWM_Stop_DMA
                0x08002804       0xec CMakeFiles/MasterControl.elf.dir/Drivers/STM32F1xx_HAL_Driver/Src/stm32f1xx_hal_tim.c.obj
                0x08002804                HAL_TIM_PWM_Stop_DMA
 .text.HAL_TIMEx_MasterConfigSynchronization
                0x080028f0       0x6c CMakeFiles/MasterControl.elf.dir/Drivers/STM32F1xx_HAL_Driver/Src/stm32f1xx_hal_tim_ex.c.obj
                0x080028f0                HAL_TIMEx_MasterConfigSynchronization
 .text.HAL_TIMEx_ConfigBreakDeadTime
                0x0800295c       0x52 CMakeFiles/MasterControl.elf.dir/Drivers/STM32F1xx_HAL_Driver/Src/stm32f1xx_hal_tim_ex.c.obj
                0x0800295c                HAL_TIMEx_ConfigBreakDeadTime
 .text.HAL_TIMEx_CommutCallback
                0x080029ae        0x2 CMakeFiles/MasterControl.elf.dir/Drivers/STM32F1xx_HAL_Driver/Src/stm32f1xx_hal_tim_ex.c.obj
                0x080029ae                HAL_TIMEx_CommutCallback
 .text.HAL_TIMEx_BreakCallback
                0x080029b0        0x2 CMakeFiles/MasterControl.elf.dir/Drivers/STM32F1xx_HAL_Driver/Src/stm32f1xx_hal_tim_ex.c.obj
                0x080029b0                HAL_TIMEx_BreakCallback
 .text.UART_EndRxTransfer
                0x080029b2       0x5c CMakeFiles/MasterControl.elf.dir/Drivers/STM32F1xx_HAL_Driver/Src/stm32f1xx_hal_uart.c.obj
 .text.UART_Transmit_IT
                0x08002a0e       0x60 CMakeFiles/MasterControl.elf.dir/Drivers/STM32F1xx_HAL_Driver/Src/stm32f1xx_hal_uart.c.obj
 *fill*         0x08002a6e        0x2 
 .text.UART_SetConfig
                0x08002a70       0x94 CMakeFiles/MasterControl.elf.dir/Drivers/STM32F1xx_HAL_Driver/Src/stm32f1xx_hal_uart.c.obj
 .text.HAL_UART_Init
                0x08002b04       0x60 CMakeFiles/MasterControl.elf.dir/Drivers/STM32F1xx_HAL_Driver/Src/stm32f1xx_hal_uart.c.obj
                0x08002b04                HAL_UART_Init
 .text.HAL_UART_TxCpltCallback
                0x08002b64        0x2 CMakeFiles/MasterControl.elf.dir/Drivers/STM32F1xx_HAL_Driver/Src/stm32f1xx_hal_uart.c.obj
                0x08002b64                HAL_UART_TxCpltCallback
 .text.UART_EndTransmit_IT
                0x08002b66       0x1a CMakeFiles/MasterControl.elf.dir/Drivers/STM32F1xx_HAL_Driver/Src/stm32f1xx_hal_uart.c.obj
 .text.HAL_UART_RxCpltCallback
                0x08002b80        0x2 CMakeFiles/MasterControl.elf.dir/Drivers/STM32F1xx_HAL_Driver/Src/stm32f1xx_hal_uart.c.obj
                0x08002b80                HAL_UART_RxCpltCallback
 .text.HAL_UART_ErrorCallback
                0x08002b82        0x2 CMakeFiles/MasterControl.elf.dir/Drivers/STM32F1xx_HAL_Driver/Src/stm32f1xx_hal_uart.c.obj
                0x08002b82                HAL_UART_ErrorCallback
 .text.UART_DMAAbortOnError
                0x08002b84       0x10 CMakeFiles/MasterControl.elf.dir/Drivers/STM32F1xx_HAL_Driver/Src/stm32f1xx_hal_uart.c.obj
 .text.HAL_UARTEx_RxEventCallback
                0x08002b94        0x2 CMakeFiles/MasterControl.elf.dir/Drivers/STM32F1xx_HAL_Driver/Src/stm32f1xx_hal_uart.c.obj
                0x08002b94                HAL_UARTEx_RxEventCallback
 .text.UART_Receive_IT
                0x08002b96       0xe6 CMakeFiles/MasterControl.elf.dir/Drivers/STM32F1xx_HAL_Driver/Src/stm32f1xx_hal_uart.c.obj
 .text.HAL_UART_IRQHandler
                0x08002c7c      0x284 CMakeFiles/MasterControl.elf.dir/Drivers/STM32F1xx_HAL_Driver/Src/stm32f1xx_hal_uart.c.obj
                0x08002c7c                HAL_UART_IRQHandler
 .text.Timer_reset
                0x08002f00        0xc CMakeFiles/MasterControl.elf.dir/Hardware/Src/Timer.c.obj
                0x08002f00                Timer_reset
 .text.HAL_TIM_PeriodElapsedCallback
                0x08002f0c       0x78 CMakeFiles/MasterControl.elf.dir/Hardware/Src/Timer.c.obj
                0x08002f0c                HAL_TIM_PeriodElapsedCallback
 .text.LEAF_1_deliver
                0x08002f84       0x34 CMakeFiles/MasterControl.elf.dir/Hardware/Src/deliver.c.obj
                0x08002f84                LEAF_1_deliver
 .text.LEAF_2_deliver
                0x08002fb8       0x34 CMakeFiles/MasterControl.elf.dir/Hardware/Src/deliver.c.obj
                0x08002fb8                LEAF_2_deliver
 .text.LEAF_3_deliver
                0x08002fec       0x34 CMakeFiles/MasterControl.elf.dir/Hardware/Src/deliver.c.obj
                0x08002fec                LEAF_3_deliver
 .text.LEAF_4_deliver
                0x08003020       0x34 CMakeFiles/MasterControl.elf.dir/Hardware/Src/deliver.c.obj
                0x08003020                LEAF_4_deliver
 .text.LEAF_5_deliver
                0x08003054       0x34 CMakeFiles/MasterControl.elf.dir/Hardware/Src/deliver.c.obj
                0x08003054                LEAF_5_deliver
 .text.can_filter_init
                0x08003088       0x40 CMakeFiles/MasterControl.elf.dir/Hardware/Src/deliver.c.obj
                0x08003088                can_filter_init
 .text.LED_Init
                0x080030c8        0xc CMakeFiles/MasterControl.elf.dir/Hardware/Src/light.c.obj
                0x080030c8                LED_Init
 .text.HAL_CAN_RxFifo0MsgPendingCallback
                0x080030d4       0x84 CMakeFiles/MasterControl.elf.dir/Hardware/Src/light.c.obj
                0x080030d4                HAL_CAN_RxFifo0MsgPendingCallback
 .text.LED_Logic
                0x08003158      0x2d4 CMakeFiles/MasterControl.elf.dir/Hardware/Src/light.c.obj
                0x08003158                LED_Logic
 .text.LED_Padding2Update
                0x0800342c       0xf8 CMakeFiles/MasterControl.elf.dir/Hardware/Src/light.c.obj
                0x0800342c                LED_Padding2Update
 .text.rand_create
                0x08003524       0x34 CMakeFiles/MasterControl.elf.dir/Hardware/Src/rand_creator.c.obj
                0x08003524                rand_create
 .text.RGB2PWM  0x08003558       0x64 CMakeFiles/MasterControl.elf.dir/Hardware/Src/ws2812b_hal.c.obj
 .text.SrcFilterRGB
                0x080035bc       0x32 CMakeFiles/MasterControl.elf.dir/Hardware/Src/ws2812b_hal.c.obj
 .text.SrcFilterNull
                0x080035ee       0x1c CMakeFiles/MasterControl.elf.dir/Hardware/Src/ws2812b_hal.c.obj
 *fill*         0x0800360a        0x2 
 .text.DMA_CH2_SendNext
                0x0800360c       0x98 CMakeFiles/MasterControl.elf.dir/Hardware/Src/ws2812b_hal.c.obj
 .text.DMA_CH2_Send
                0x080036a4       0x9c CMakeFiles/MasterControl.elf.dir/Hardware/Src/ws2812b_hal.c.obj
 .text.HAL_TIM_PWM_PulseFinishedHalfCpltCallback
                0x08003740       0x44 CMakeFiles/MasterControl.elf.dir/Hardware/Src/ws2812b_hal.c.obj
                0x08003740                HAL_TIM_PWM_PulseFinishedHalfCpltCallback
 .text.HAL_TIM_PWM_PulseFinishedCallback
                0x08003784       0x44 CMakeFiles/MasterControl.elf.dir/Hardware/Src/ws2812b_hal.c.obj
                0x08003784                HAL_TIM_PWM_PulseFinishedCallback
 .text.ws2812b_IsReady
                0x080037c8       0x10 CMakeFiles/MasterControl.elf.dir/Hardware/Src/ws2812b_hal.c.obj
                0x080037c8                ws2812b_IsReady
 .text.ws2812b_M1H1_SendRGB
                0x080037d8       0x14 CMakeFiles/MasterControl.elf.dir/Hardware/Src/ws2812b_hal.c.obj
                0x080037d8                ws2812b_M1H1_SendRGB
 .text.srand    0x080037ec       0x14 D:/ST32/STM32CubeCLT_1.18.0/GNU-tools-for-STM32/bin/../lib/gcc/arm-none-eabi/13.3.1/../../../../arm-none-eabi/lib/thumb/v7-m/nofp\libg.a(libc_a-rand.o)
                0x080037ec                srand
 .text.rand     0x08003800       0x38 D:/ST32/STM32CubeCLT_1.18.0/GNU-tools-for-STM32/bin/../lib/gcc/arm-none-eabi/13.3.1/../../../../arm-none-eabi/lib/thumb/v7-m/nofp\libg.a(libc_a-rand.o)
                0x08003800                rand
 .text.memset   0x08003838       0x10 D:/ST32/STM32CubeCLT_1.18.0/GNU-tools-for-STM32/bin/../lib/gcc/arm-none-eabi/13.3.1/../../../../arm-none-eabi/lib/thumb/v7-m/nofp\libg.a(libc_a-memset.o)
                0x08003838                memset
 .text.__libc_init_array
                0x08003848       0x48 D:/ST32/STM32CubeCLT_1.18.0/GNU-tools-for-STM32/bin/../lib/gcc/arm-none-eabi/13.3.1/../../../../arm-none-eabi/lib/thumb/v7-m/nofp\libg.a(libc_a-init.o)
                0x08003848                __libc_init_array
 .text.__retarget_lock_acquire_recursive
                0x08003890        0x2 D:/ST32/STM32CubeCLT_1.18.0/GNU-tools-for-STM32/bin/../lib/gcc/arm-none-eabi/13.3.1/../../../../arm-none-eabi/lib/thumb/v7-m/nofp\libg.a(libc_a-lock.o)
                0x08003890                __retarget_lock_acquire_recursive
 .text.__retarget_lock_release_recursive
                0x08003892        0x2 D:/ST32/STM32CubeCLT_1.18.0/GNU-tools-for-STM32/bin/../lib/gcc/arm-none-eabi/13.3.1/../../../../arm-none-eabi/lib/thumb/v7-m/nofp\libg.a(libc_a-lock.o)
                0x08003892                __retarget_lock_release_recursive
 .text.startup.register_fini
                0x08003894       0x14 D:/ST32/STM32CubeCLT_1.18.0/GNU-tools-for-STM32/bin/../lib/gcc/arm-none-eabi/13.3.1/../../../../arm-none-eabi/lib/thumb/v7-m/nofp\libg.a(libc_a-__call_atexit.o)
 .text.atexit   0x080038a8        0xc D:/ST32/STM32CubeCLT_1.18.0/GNU-tools-for-STM32/bin/../lib/gcc/arm-none-eabi/13.3.1/../../../../arm-none-eabi/lib/thumb/v7-m/nofp\libg.a(libc_a-atexit.o)
                0x080038a8                atexit
 .text.__libc_fini_array
                0x080038b4       0x28 D:/ST32/STM32CubeCLT_1.18.0/GNU-tools-for-STM32/bin/../lib/gcc/arm-none-eabi/13.3.1/../../../../arm-none-eabi/lib/thumb/v7-m/nofp\libg.a(libc_a-fini.o)
                0x080038b4                __libc_fini_array
 .text.__register_exitproc
                0x080038dc       0x80 D:/ST32/STM32CubeCLT_1.18.0/GNU-tools-for-STM32/bin/../lib/gcc/arm-none-eabi/13.3.1/../../../../arm-none-eabi/lib/thumb/v7-m/nofp\libg.a(libc_a-__atexit.o)
                0x080038dc                __register_exitproc
 *(.glue_7)
 .glue_7        0x0800395c        0x0 linker stubs
 *(.glue_7t)
 .glue_7t       0x0800395c        0x0 linker stubs
 *(.eh_frame)
 .eh_frame      0x0800395c        0x0 D:/ST32/STM32CubeCLT_1.18.0/GNU-tools-for-STM32/bin/../lib/gcc/arm-none-eabi/13.3.1/thumb/v7-m/nofp/crtbegin.o
 *(.init)
 .init          0x0800395c        0x4 D:/ST32/STM32CubeCLT_1.18.0/GNU-tools-for-STM32/bin/../lib/gcc/arm-none-eabi/13.3.1/thumb/v7-m/nofp/crti.o
                0x0800395c                _init
 .init          0x08003960        0x8 D:/ST32/STM32CubeCLT_1.18.0/GNU-tools-for-STM32/bin/../lib/gcc/arm-none-eabi/13.3.1/thumb/v7-m/nofp/crtn.o
 *(.fini)
 .fini          0x08003968        0x4 D:/ST32/STM32CubeCLT_1.18.0/GNU-tools-for-STM32/bin/../lib/gcc/arm-none-eabi/13.3.1/thumb/v7-m/nofp/crti.o
                0x08003968                _fini
 .fini          0x0800396c        0x8 D:/ST32/STM32CubeCLT_1.18.0/GNU-tools-for-STM32/bin/../lib/gcc/arm-none-eabi/13.3.1/thumb/v7-m/nofp/crtn.o
                0x08003974                        . = ALIGN (0x4)
                0x08003974                        _etext = .

.vfp11_veneer   0x08003974        0x0
 .vfp11_veneer  0x08003974        0x0 linker stubs

.v4_bx          0x08003974        0x0
 .v4_bx         0x08003974        0x0 linker stubs

.iplt           0x08003974        0x0
 .iplt          0x08003974        0x0 D:/ST32/STM32CubeCLT_1.18.0/GNU-tools-for-STM32/bin/../lib/gcc/arm-none-eabi/13.3.1/thumb/v7-m/nofp/crtbegin.o

.rodata         0x08003974      0x12c
                0x08003974                        . = ALIGN (0x4)
 *(.rodata)
 *(.rodata*)
 .rodata.APBPrescTable
                0x08003974        0x8 CMakeFiles/MasterControl.elf.dir/Core/Src/system_stm32f1xx.c.obj
                0x08003974                APBPrescTable
 .rodata.AHBPrescTable
                0x0800397c       0x10 CMakeFiles/MasterControl.elf.dir/Core/Src/system_stm32f1xx.c.obj
                0x0800397c                AHBPrescTable
 .rodata.aPredivFactorTable.0
                0x0800398c        0x2 CMakeFiles/MasterControl.elf.dir/Drivers/STM32F1xx_HAL_Driver/Src/stm32f1xx_hal_rcc.c.obj
 *fill*         0x0800398e        0x2 
 .rodata.aPLLMULFactorTable.1
                0x08003990       0x10 CMakeFiles/MasterControl.elf.dir/Drivers/STM32F1xx_HAL_Driver/Src/stm32f1xx_hal_rcc.c.obj
 .rodata.LEDGammaTable
                0x080039a0      0x100 CMakeFiles/MasterControl.elf.dir/Hardware/Src/ws2812b_hal.c.obj
                0x08003aa0                        . = ALIGN (0x4)

.rel.dyn        0x08003aa0        0x0
 .rel.iplt      0x08003aa0        0x0 D:/ST32/STM32CubeCLT_1.18.0/GNU-tools-for-STM32/bin/../lib/gcc/arm-none-eabi/13.3.1/thumb/v7-m/nofp/crtbegin.o

.ARM.extab      0x08003aa0        0x0
                0x08003aa0                        . = ALIGN (0x4)
 *(.ARM.extab* .gnu.linkonce.armextab.*)
                0x08003aa0                        . = ALIGN (0x4)

.ARM            0x08003aa0        0x0
                0x08003aa0                        . = ALIGN (0x4)
                0x08003aa0                        __exidx_start = .
 *(.ARM.exidx*)
                0x08003aa0                        __exidx_end = .
                0x08003aa0                        . = ALIGN (0x4)

.preinit_array  0x08003aa0        0x0
                0x08003aa0                        . = ALIGN (0x4)
                0x08003aa0                        PROVIDE (__preinit_array_start = .)
 *(.preinit_array*)
                0x08003aa0                        PROVIDE (__preinit_array_end = .)
                0x08003aa0                        . = ALIGN (0x4)

.init_array     0x08003aa0        0x8
                0x08003aa0                        . = ALIGN (0x4)
                0x08003aa0                        PROVIDE (__init_array_start = .)
 *(SORT_BY_NAME(.init_array.*))
 .init_array.00000
                0x08003aa0        0x4 D:/ST32/STM32CubeCLT_1.18.0/GNU-tools-for-STM32/bin/../lib/gcc/arm-none-eabi/13.3.1/../../../../arm-none-eabi/lib/thumb/v7-m/nofp\libg.a(libc_a-__call_atexit.o)
 *(.init_array*)
 .init_array    0x08003aa4        0x4 D:/ST32/STM32CubeCLT_1.18.0/GNU-tools-for-STM32/bin/../lib/gcc/arm-none-eabi/13.3.1/thumb/v7-m/nofp/crtbegin.o
                0x08003aa8                        PROVIDE (__init_array_end = .)
                0x08003aa8                        . = ALIGN (0x4)

.fini_array     0x08003aa8        0x4
                0x08003aa8                        . = ALIGN (0x4)
                0x08003aa8                        PROVIDE (__fini_array_start = .)
 *(SORT_BY_NAME(.fini_array.*))
 *(.fini_array*)
 .fini_array    0x08003aa8        0x4 D:/ST32/STM32CubeCLT_1.18.0/GNU-tools-for-STM32/bin/../lib/gcc/arm-none-eabi/13.3.1/thumb/v7-m/nofp/crtbegin.o
                0x08003aac                        PROVIDE (__fini_array_end = .)
                0x08003aac                        . = ALIGN (0x4)
                0x08003aac                        _sidata = LOADADDR (.data)

.data           0x20000000      0x15c load address 0x08003aac
                0x20000000                        . = ALIGN (0x4)
                0x20000000                        _sdata = .
 *(.data)
 *(.data*)
 .data.SystemCoreClock
                0x20000000        0x4 CMakeFiles/MasterControl.elf.dir/Core/Src/system_stm32f1xx.c.obj
                0x20000000                SystemCoreClock
 .data.uwTickFreq
                0x20000004        0x1 CMakeFiles/MasterControl.elf.dir/Drivers/STM32F1xx_HAL_Driver/Src/stm32f1xx_hal.c.obj
                0x20000004                uwTickFreq
 *fill*         0x20000005        0x3 
 .data.uwTickPrio
                0x20000008        0x4 CMakeFiles/MasterControl.elf.dir/Drivers/STM32F1xx_HAL_Driver/Src/stm32f1xx_hal.c.obj
                0x20000008                uwTickPrio
 .data.R_color.0
                0x2000000c        0x3 CMakeFiles/MasterControl.elf.dir/Hardware/Src/light.c.obj
 .data.leaf2    0x2000000f        0x1 CMakeFiles/MasterControl.elf.dir/Hardware/Src/light.c.obj
                0x2000000f                leaf2
 .data.leaf1    0x20000010        0x1 CMakeFiles/MasterControl.elf.dir/Hardware/Src/light.c.obj
                0x20000010                leaf1
 .data.current_color
                0x20000011        0x1 CMakeFiles/MasterControl.elf.dir/Hardware/Src/light.c.obj
                0x20000011                current_color
 *fill*         0x20000012        0x2 
 .data._impure_ptr
                0x20000014        0x4 D:/ST32/STM32CubeCLT_1.18.0/GNU-tools-for-STM32/bin/../lib/gcc/arm-none-eabi/13.3.1/../../../../arm-none-eabi/lib/thumb/v7-m/nofp\libg.a(libc_a-impure.o)
                0x20000014                _impure_ptr
 .data._impure_data
                0x20000018      0x140 D:/ST32/STM32CubeCLT_1.18.0/GNU-tools-for-STM32/bin/../lib/gcc/arm-none-eabi/13.3.1/../../../../arm-none-eabi/lib/thumb/v7-m/nofp\libg.a(libc_a-impure.o)
                0x20000018                _impure_data
 .data.__atexit_recursive_mutex
                0x20000158        0x4 D:/ST32/STM32CubeCLT_1.18.0/GNU-tools-for-STM32/bin/../lib/gcc/arm-none-eabi/13.3.1/../../../../arm-none-eabi/lib/thumb/v7-m/nofp\libg.a(libc_a-__call_atexit.o)
                0x20000158                __atexit_recursive_mutex
 *(.RamFunc)
 *(.RamFunc*)
                0x2000015c                        . = ALIGN (0x4)
                0x2000015c                        _edata = .

.igot.plt       0x2000015c        0x0 load address 0x08003c08
 .igot.plt      0x2000015c        0x0 D:/ST32/STM32CubeCLT_1.18.0/GNU-tools-for-STM32/bin/../lib/gcc/arm-none-eabi/13.3.1/thumb/v7-m/nofp/crtbegin.o
                0x2000015c                        . = ALIGN (0x4)

.bss            0x2000015c     0x1178 load address 0x08003c08
                0x2000015c                        _sbss = .
                0x2000015c                        __bss_start__ = _sbss
 *(.bss)
 .bss           0x2000015c       0x1c D:/ST32/STM32CubeCLT_1.18.0/GNU-tools-for-STM32/bin/../lib/gcc/arm-none-eabi/13.3.1/thumb/v7-m/nofp/crtbegin.o
 *(.bss*)
 .bss.hcan      0x20000178       0x28 CMakeFiles/MasterControl.elf.dir/Core/Src/can.c.obj
                0x20000178                hcan
 .bss.hdma_tim1_ch1
                0x200001a0       0x44 CMakeFiles/MasterControl.elf.dir/Core/Src/tim.c.obj
                0x200001a0                hdma_tim1_ch1
 .bss.htim4     0x200001e4       0x48 CMakeFiles/MasterControl.elf.dir/Core/Src/tim.c.obj
                0x200001e4                htim4
 .bss.htim3     0x2000022c       0x48 CMakeFiles/MasterControl.elf.dir/Core/Src/tim.c.obj
                0x2000022c                htim3
 .bss.htim1     0x20000274       0x48 CMakeFiles/MasterControl.elf.dir/Core/Src/tim.c.obj
                0x20000274                htim1
 .bss.huart1    0x200002bc       0x48 CMakeFiles/MasterControl.elf.dir/Core/Src/usart.c.obj
                0x200002bc                huart1
 .bss.uwTick    0x20000304        0x4 CMakeFiles/MasterControl.elf.dir/Drivers/STM32F1xx_HAL_Driver/Src/stm32f1xx_hal.c.obj
                0x20000304                uwTick
 .bss.post_hit_timeout
                0x20000308        0x1 CMakeFiles/MasterControl.elf.dir/Hardware/Src/Timer.c.obj
                0x20000308                post_hit_timeout
 *fill*         0x20000309        0x1 
 .bss.overflow_count
                0x2000030a        0x2 CMakeFiles/MasterControl.elf.dir/Hardware/Src/Timer.c.obj
                0x2000030a                overflow_count
 .bss.systime_ms
                0x2000030c        0x4 CMakeFiles/MasterControl.elf.dir/Hardware/Src/Timer.c.obj
                0x2000030c                systime_ms
 .bss.LEAF_5_Txmsg
                0x20000310       0x18 CMakeFiles/MasterControl.elf.dir/Hardware/Src/deliver.c.obj
 .bss.LEAF_4_Txmsg
                0x20000328       0x18 CMakeFiles/MasterControl.elf.dir/Hardware/Src/deliver.c.obj
 .bss.LEAF_3_Txmsg
                0x20000340       0x18 CMakeFiles/MasterControl.elf.dir/Hardware/Src/deliver.c.obj
 .bss.LEAF_2_Txmsg
                0x20000358       0x18 CMakeFiles/MasterControl.elf.dir/Hardware/Src/deliver.c.obj
 .bss.LEAF_1_Txmsg
                0x20000370       0x18 CMakeFiles/MasterControl.elf.dir/Hardware/Src/deliver.c.obj
 .bss.fully_activated_tick.1
                0x20000388        0x4 CMakeFiles/MasterControl.elf.dir/Hardware/Src/light.c.obj
 .bss.fully_activated.2
                0x2000038c        0x1 CMakeFiles/MasterControl.elf.dir/Hardware/Src/light.c.obj
 *fill*         0x2000038d        0x3 
 .bss.LEAF5_data
                0x20000390        0x8 CMakeFiles/MasterControl.elf.dir/Hardware/Src/light.c.obj
 .bss.LEAF4_data
                0x20000398        0x8 CMakeFiles/MasterControl.elf.dir/Hardware/Src/light.c.obj
 .bss.LEAF3_data
                0x200003a0        0x8 CMakeFiles/MasterControl.elf.dir/Hardware/Src/light.c.obj
 .bss.LEAF2_data
                0x200003a8        0x8 CMakeFiles/MasterControl.elf.dir/Hardware/Src/light.c.obj
 .bss.LEAF1_data
                0x200003b0        0x8 CMakeFiles/MasterControl.elf.dir/Hardware/Src/light.c.obj
 .bss.R_logo    0x200003b8       0xc0 CMakeFiles/MasterControl.elf.dir/Hardware/Src/light.c.obj
 .bss.current_group_activated
                0x20000478        0x1 CMakeFiles/MasterControl.elf.dir/Hardware/Src/light.c.obj
 .bss.activated_groups
                0x20000479        0x1 CMakeFiles/MasterControl.elf.dir/Hardware/Src/light.c.obj
                0x20000479                activated_groups
 *fill*         0x2000047a        0x2 
 .bss.striking_start_tick
                0x2000047c       0x14 CMakeFiles/MasterControl.elf.dir/Hardware/Src/light.c.obj
 .bss.post_hit_window
                0x20000490        0x1 CMakeFiles/MasterControl.elf.dir/Hardware/Src/light.c.obj
                0x20000490                post_hit_window
 .bss.pending_new_round
                0x20000491        0x1 CMakeFiles/MasterControl.elf.dir/Hardware/Src/light.c.obj
 .bss.sq_tail   0x20000492        0x1 CMakeFiles/MasterControl.elf.dir/Hardware/Src/light.c.obj
 .bss.sq_head   0x20000493        0x1 CMakeFiles/MasterControl.elf.dir/Hardware/Src/light.c.obj
 .bss.strike_queue
                0x20000494        0xf CMakeFiles/MasterControl.elf.dir/Hardware/Src/light.c.obj
 *fill*         0x200004a3        0x1 
 .bss.leafmode  0x200004a4        0x5 CMakeFiles/MasterControl.elf.dir/Hardware/Src/light.c.obj
                0x200004a4                leafmode
 *fill*         0x200004a9        0x3 
 .bss.leaf_ring_value
                0x200004ac        0x5 CMakeFiles/MasterControl.elf.dir/Hardware/Src/light.c.obj
                0x200004ac                leaf_ring_value
 .bss.total_struck
                0x200004b1        0x1 CMakeFiles/MasterControl.elf.dir/Hardware/Src/light.c.obj
                0x200004b1                total_struck
 .bss.timeout   0x200004b2        0x1 CMakeFiles/MasterControl.elf.dir/Hardware/Src/light.c.obj
                0x200004b2                timeout
 .bss.debug     0x200004b3        0x1 CMakeFiles/MasterControl.elf.dir/Hardware/Src/light.c.obj
                0x200004b3                debug
 .bss.DMACount  0x200004b4        0x4 CMakeFiles/MasterControl.elf.dir/Hardware/Src/ws2812b_hal.c.obj
 .bss.DMASrc    0x200004b8        0x4 CMakeFiles/MasterControl.elf.dir/Hardware/Src/ws2812b_hal.c.obj
 .bss.DMAFilter
                0x200004bc        0x4 CMakeFiles/MasterControl.elf.dir/Hardware/Src/ws2812b_hal.c.obj
 .bss.DMABuffer
                0x200004c0      0xb40 CMakeFiles/MasterControl.elf.dir/Hardware/Src/ws2812b_hal.c.obj
 .bss.DMABusy   0x20001000        0x4 CMakeFiles/MasterControl.elf.dir/Hardware/Src/ws2812b_hal.c.obj
 .bss.__sf      0x20001004      0x138 D:/ST32/STM32CubeCLT_1.18.0/GNU-tools-for-STM32/bin/../lib/gcc/arm-none-eabi/13.3.1/../../../../arm-none-eabi/lib/thumb/v7-m/nofp\libg.a(libc_a-findfp.o)
                0x20001004                __sf
 .bss.__lock___atexit_recursive_mutex
                0x2000113c        0x1 D:/ST32/STM32CubeCLT_1.18.0/GNU-tools-for-STM32/bin/../lib/gcc/arm-none-eabi/13.3.1/../../../../arm-none-eabi/lib/thumb/v7-m/nofp\libg.a(libc_a-lock.o)
                0x2000113c                __lock___atexit_recursive_mutex
 *fill*         0x2000113d        0x3 
 .bss.__atexit  0x20001140        0x4 D:/ST32/STM32CubeCLT_1.18.0/GNU-tools-for-STM32/bin/../lib/gcc/arm-none-eabi/13.3.1/../../../../arm-none-eabi/lib/thumb/v7-m/nofp\libg.a(libc_a-__call_atexit.o)
                0x20001140                __atexit
 .bss.__atexit0
                0x20001144      0x190 D:/ST32/STM32CubeCLT_1.18.0/GNU-tools-for-STM32/bin/../lib/gcc/arm-none-eabi/13.3.1/../../../../arm-none-eabi/lib/thumb/v7-m/nofp\libg.a(libc_a-__atexit.o)
                0x20001144                __atexit0
 *(COMMON)
                0x200012d4                        . = ALIGN (0x4)
                0x200012d4                        _ebss = .
                0x200012d4                        __bss_end__ = _ebss

._user_heap_stack
                0x200012d4      0x604 load address 0x08003c08
                0x200012d8                        . = ALIGN (0x8)
 *fill*         0x200012d4        0x4 
                [!provide]                        PROVIDE (end = .)
                0x200012d8                        PROVIDE (_end = .)
                0x200014d8                        . = (. + _Min_Heap_Size)
 *fill*         0x200012d8      0x200 
                0x200018d8                        . = (. + _Min_Stack_Size)
 *fill*         0x200014d8      0x400 
                0x200018d8                        . = ALIGN (0x8)

/DISCARD/
 libc.a(*)
 libm.a(*)
 libgcc.a(*)

.ARM.attributes
                0x00000000       0x29
 *(.ARM.attributes)
 .ARM.attributes
                0x00000000       0x1d D:/ST32/STM32CubeCLT_1.18.0/GNU-tools-for-STM32/bin/../lib/gcc/arm-none-eabi/13.3.1/thumb/v7-m/nofp/crti.o
 .ARM.attributes
                0x0000001d       0x2d D:/ST32/STM32CubeCLT_1.18.0/GNU-tools-for-STM32/bin/../lib/gcc/arm-none-eabi/13.3.1/thumb/v7-m/nofp/crtbegin.o
 .ARM.attributes
                0x0000004a       0x2d CMakeFiles/MasterControl.elf.dir/Core/Src/can.c.obj
 .ARM.attributes
                0x00000077       0x2d CMakeFiles/MasterControl.elf.dir/Core/Src/dma.c.obj
 .ARM.attributes
                0x000000a4       0x2d CMakeFiles/MasterControl.elf.dir/Core/Src/gpio.c.obj
 .ARM.attributes
                0x000000d1       0x2d CMakeFiles/MasterControl.elf.dir/Core/Src/main.c.obj
 .ARM.attributes
                0x000000fe       0x2d CMakeFiles/MasterControl.elf.dir/Core/Src/stm32f1xx_hal_msp.c.obj
 .ARM.attributes
                0x0000012b       0x2d CMakeFiles/MasterControl.elf.dir/Core/Src/stm32f1xx_it.c.obj
 .ARM.attributes
                0x00000158       0x2d CMakeFiles/MasterControl.elf.dir/Core/Src/system_stm32f1xx.c.obj
 .ARM.attributes
                0x00000185       0x2d CMakeFiles/MasterControl.elf.dir/Core/Src/tim.c.obj
 .ARM.attributes
                0x000001b2       0x2d CMakeFiles/MasterControl.elf.dir/Core/Src/usart.c.obj
 .ARM.attributes
                0x000001df       0x21 CMakeFiles/MasterControl.elf.dir/Core/Startup/startup_stm32f103c8tx.s.obj
 .ARM.attributes
                0x00000200       0x2d CMakeFiles/MasterControl.elf.dir/Drivers/STM32F1xx_HAL_Driver/Src/stm32f1xx_hal.c.obj
 .ARM.attributes
                0x0000022d       0x2d CMakeFiles/MasterControl.elf.dir/Drivers/STM32F1xx_HAL_Driver/Src/stm32f1xx_hal_can.c.obj
 .ARM.attributes
                0x0000025a       0x2d CMakeFiles/MasterControl.elf.dir/Drivers/STM32F1xx_HAL_Driver/Src/stm32f1xx_hal_cortex.c.obj
 .ARM.attributes
                0x00000287       0x2d CMakeFiles/MasterControl.elf.dir/Drivers/STM32F1xx_HAL_Driver/Src/stm32f1xx_hal_dma.c.obj
 .ARM.attributes
                0x000002b4       0x2d CMakeFiles/MasterControl.elf.dir/Drivers/STM32F1xx_HAL_Driver/Src/stm32f1xx_hal_gpio.c.obj
 .ARM.attributes
                0x000002e1       0x2d CMakeFiles/MasterControl.elf.dir/Drivers/STM32F1xx_HAL_Driver/Src/stm32f1xx_hal_rcc.c.obj
 .ARM.attributes
                0x0000030e       0x2d CMakeFiles/MasterControl.elf.dir/Drivers/STM32F1xx_HAL_Driver/Src/stm32f1xx_hal_tim.c.obj
 .ARM.attributes
                0x0000033b       0x2d CMakeFiles/MasterControl.elf.dir/Drivers/STM32F1xx_HAL_Driver/Src/stm32f1xx_hal_tim_ex.c.obj
 .ARM.attributes
                0x00000368       0x2d CMakeFiles/MasterControl.elf.dir/Drivers/STM32F1xx_HAL_Driver/Src/stm32f1xx_hal_uart.c.obj
 .ARM.attributes
                0x00000395       0x2d CMakeFiles/MasterControl.elf.dir/Hardware/Src/Timer.c.obj
 .ARM.attributes
                0x000003c2       0x2d CMakeFiles/MasterControl.elf.dir/Hardware/Src/deliver.c.obj
 .ARM.attributes
                0x000003ef       0x2d CMakeFiles/MasterControl.elf.dir/Hardware/Src/light.c.obj
 .ARM.attributes
                0x0000041c       0x2d CMakeFiles/MasterControl.elf.dir/Hardware/Src/rand_creator.c.obj
 .ARM.attributes
                0x00000449       0x2d CMakeFiles/MasterControl.elf.dir/Hardware/Src/ws2812b_hal.c.obj
 .ARM.attributes
                0x00000476       0x2d D:/ST32/STM32CubeCLT_1.18.0/GNU-tools-for-STM32/bin/../lib/gcc/arm-none-eabi/13.3.1/../../../../arm-none-eabi/lib/thumb/v7-m/nofp\libg.a(libc_a-rand.o)
 .ARM.attributes
                0x000004a3       0x2d D:/ST32/STM32CubeCLT_1.18.0/GNU-tools-for-STM32/bin/../lib/gcc/arm-none-eabi/13.3.1/../../../../arm-none-eabi/lib/thumb/v7-m/nofp\libg.a(libc_a-findfp.o)
 .ARM.attributes
                0x000004d0       0x2d D:/ST32/STM32CubeCLT_1.18.0/GNU-tools-for-STM32/bin/../lib/gcc/arm-none-eabi/13.3.1/../../../../arm-none-eabi/lib/thumb/v7-m/nofp\libg.a(libc_a-memset.o)
 .ARM.attributes
                0x000004fd       0x2d D:/ST32/STM32CubeCLT_1.18.0/GNU-tools-for-STM32/bin/../lib/gcc/arm-none-eabi/13.3.1/../../../../arm-none-eabi/lib/thumb/v7-m/nofp\libg.a(libc_a-impure.o)
 .ARM.attributes
                0x0000052a       0x2d D:/ST32/STM32CubeCLT_1.18.0/GNU-tools-for-STM32/bin/../lib/gcc/arm-none-eabi/13.3.1/../../../../arm-none-eabi/lib/thumb/v7-m/nofp\libg.a(libc_a-init.o)
 .ARM.attributes
                0x00000557       0x2d D:/ST32/STM32CubeCLT_1.18.0/GNU-tools-for-STM32/bin/../lib/gcc/arm-none-eabi/13.3.1/../../../../arm-none-eabi/lib/thumb/v7-m/nofp\libg.a(libc_a-lock.o)
 .ARM.attributes
                0x00000584       0x2d D:/ST32/STM32CubeCLT_1.18.0/GNU-tools-for-STM32/bin/../lib/gcc/arm-none-eabi/13.3.1/../../../../arm-none-eabi/lib/thumb/v7-m/nofp\libg.a(libc_a-__call_atexit.o)
 .ARM.attributes
                0x000005b1       0x2d D:/ST32/STM32CubeCLT_1.18.0/GNU-tools-for-STM32/bin/../lib/gcc/arm-none-eabi/13.3.1/../../../../arm-none-eabi/lib/thumb/v7-m/nofp\libg.a(libc_a-atexit.o)
 .ARM.attributes
                0x000005de       0x2d D:/ST32/STM32CubeCLT_1.18.0/GNU-tools-for-STM32/bin/../lib/gcc/arm-none-eabi/13.3.1/../../../../arm-none-eabi/lib/thumb/v7-m/nofp\libg.a(libc_a-fini.o)
 .ARM.attributes
                0x0000060b       0x2d D:/ST32/STM32CubeCLT_1.18.0/GNU-tools-for-STM32/bin/../lib/gcc/arm-none-eabi/13.3.1/../../../../arm-none-eabi/lib/thumb/v7-m/nofp\libg.a(libc_a-__atexit.o)
 .ARM.attributes
                0x00000638       0x1d D:/ST32/STM32CubeCLT_1.18.0/GNU-tools-for-STM32/bin/../lib/gcc/arm-none-eabi/13.3.1/thumb/v7-m/nofp/crtn.o
OUTPUT(MasterControl.elf elf32-littlearm)
LOAD linker stubs
LOAD D:/ST32/STM32CubeCLT_1.18.0/GNU-tools-for-STM32/bin/../lib/gcc/arm-none-eabi/13.3.1/../../../../arm-none-eabi/lib/thumb/v7-m/nofp\libc.a
LOAD D:/ST32/STM32CubeCLT_1.18.0/GNU-tools-for-STM32/bin/../lib/gcc/arm-none-eabi/13.3.1/../../../../arm-none-eabi/lib/thumb/v7-m/nofp\libm.a
LOAD D:/ST32/STM32CubeCLT_1.18.0/GNU-tools-for-STM32/bin/../lib/gcc/arm-none-eabi/13.3.1/thumb/v7-m/nofp\libgcc.a

.debug_info     0x00000000    0x17a48
 .debug_info    0x00000000      0x924 CMakeFiles/MasterControl.elf.dir/Core/Src/can.c.obj
 .debug_info    0x00000924      0x2fb CMakeFiles/MasterControl.elf.dir/Core/Src/dma.c.obj
 .debug_info    0x00000c1f      0x4ef CMakeFiles/MasterControl.elf.dir/Core/Src/gpio.c.obj
 .debug_info    0x0000110e      0xa04 CMakeFiles/MasterControl.elf.dir/Core/Src/main.c.obj
 .debug_info    0x00001b12      0x1f4 CMakeFiles/MasterControl.elf.dir/Core/Src/stm32f1xx_hal_msp.c.obj
 .debug_info    0x00001d06      0xdc9 CMakeFiles/MasterControl.elf.dir/Core/Src/stm32f1xx_it.c.obj
 .debug_info    0x00002acf      0x22d CMakeFiles/MasterControl.elf.dir/Core/Src/system_stm32f1xx.c.obj
 .debug_info    0x00002cfc      0xffd CMakeFiles/MasterControl.elf.dir/Core/Src/tim.c.obj
 .debug_info    0x00003cf9      0xa63 CMakeFiles/MasterControl.elf.dir/Core/Src/usart.c.obj
 .debug_info    0x0000475c       0x30 CMakeFiles/MasterControl.elf.dir/Core/Startup/startup_stm32f103c8tx.s.obj
 .debug_info    0x0000478c      0x7a2 CMakeFiles/MasterControl.elf.dir/Drivers/STM32F1xx_HAL_Driver/Src/stm32f1xx_hal.c.obj
 .debug_info    0x00004f2e     0x11d1 CMakeFiles/MasterControl.elf.dir/Drivers/STM32F1xx_HAL_Driver/Src/stm32f1xx_hal_can.c.obj
 .debug_info    0x000060ff      0xcd9 CMakeFiles/MasterControl.elf.dir/Drivers/STM32F1xx_HAL_Driver/Src/stm32f1xx_hal_cortex.c.obj
 .debug_info    0x00006dd8      0x7f2 CMakeFiles/MasterControl.elf.dir/Drivers/STM32F1xx_HAL_Driver/Src/stm32f1xx_hal_dma.c.obj
 .debug_info    0x000075ca      0x604 CMakeFiles/MasterControl.elf.dir/Drivers/STM32F1xx_HAL_Driver/Src/stm32f1xx_hal_gpio.c.obj
 .debug_info    0x00007bce      0x9c7 CMakeFiles/MasterControl.elf.dir/Drivers/STM32F1xx_HAL_Driver/Src/stm32f1xx_hal_rcc.c.obj
 .debug_info    0x00008595     0x3be7 CMakeFiles/MasterControl.elf.dir/Drivers/STM32F1xx_HAL_Driver/Src/stm32f1xx_hal_tim.c.obj
 .debug_info    0x0000c17c     0x1aac CMakeFiles/MasterControl.elf.dir/Drivers/STM32F1xx_HAL_Driver/Src/stm32f1xx_hal_tim_ex.c.obj
 .debug_info    0x0000dc28     0x407d CMakeFiles/MasterControl.elf.dir/Drivers/STM32F1xx_HAL_Driver/Src/stm32f1xx_hal_uart.c.obj
 .debug_info    0x00011ca5      0x6fb CMakeFiles/MasterControl.elf.dir/Hardware/Src/Timer.c.obj
 .debug_info    0x000123a0      0x9ed CMakeFiles/MasterControl.elf.dir/Hardware/Src/deliver.c.obj
 .debug_info    0x00012d8d      0xc8c CMakeFiles/MasterControl.elf.dir/Hardware/Src/light.c.obj
 .debug_info    0x00013a19      0x700 CMakeFiles/MasterControl.elf.dir/Hardware/Src/rand_creator.c.obj
 .debug_info    0x00014119      0xf22 CMakeFiles/MasterControl.elf.dir/Hardware/Src/ws2812b_hal.c.obj
 .debug_info    0x0001503b      0x77b D:/ST32/STM32CubeCLT_1.18.0/GNU-tools-for-STM32/bin/../lib/gcc/arm-none-eabi/13.3.1/../../../../arm-none-eabi/lib/thumb/v7-m/nofp\libg.a(libc_a-rand.o)
 .debug_info    0x000157b6      0xfee D:/ST32/STM32CubeCLT_1.18.0/GNU-tools-for-STM32/bin/../lib/gcc/arm-none-eabi/13.3.1/../../../../arm-none-eabi/lib/thumb/v7-m/nofp\libg.a(libc_a-findfp.o)
 .debug_info    0x000167a4       0xe0 D:/ST32/STM32CubeCLT_1.18.0/GNU-tools-for-STM32/bin/../lib/gcc/arm-none-eabi/13.3.1/../../../../arm-none-eabi/lib/thumb/v7-m/nofp\libg.a(libc_a-memset.o)
 .debug_info    0x00016884      0x750 D:/ST32/STM32CubeCLT_1.18.0/GNU-tools-for-STM32/bin/../lib/gcc/arm-none-eabi/13.3.1/../../../../arm-none-eabi/lib/thumb/v7-m/nofp\libg.a(libc_a-impure.o)
 .debug_info    0x00016fd4      0x10b D:/ST32/STM32CubeCLT_1.18.0/GNU-tools-for-STM32/bin/../lib/gcc/arm-none-eabi/13.3.1/../../../../arm-none-eabi/lib/thumb/v7-m/nofp\libg.a(libc_a-init.o)
 .debug_info    0x000170df      0x218 D:/ST32/STM32CubeCLT_1.18.0/GNU-tools-for-STM32/bin/../lib/gcc/arm-none-eabi/13.3.1/../../../../arm-none-eabi/lib/thumb/v7-m/nofp\libg.a(libc_a-lock.o)
 .debug_info    0x000172f7      0x2dd D:/ST32/STM32CubeCLT_1.18.0/GNU-tools-for-STM32/bin/../lib/gcc/arm-none-eabi/13.3.1/../../../../arm-none-eabi/lib/thumb/v7-m/nofp\libg.a(libc_a-__call_atexit.o)
 .debug_info    0x000175d4      0x11e D:/ST32/STM32CubeCLT_1.18.0/GNU-tools-for-STM32/bin/../lib/gcc/arm-none-eabi/13.3.1/../../../../arm-none-eabi/lib/thumb/v7-m/nofp\libg.a(libc_a-atexit.o)
 .debug_info    0x000176f2       0xf7 D:/ST32/STM32CubeCLT_1.18.0/GNU-tools-for-STM32/bin/../lib/gcc/arm-none-eabi/13.3.1/../../../../arm-none-eabi/lib/thumb/v7-m/nofp\libg.a(libc_a-fini.o)
 .debug_info    0x000177e9      0x25f D:/ST32/STM32CubeCLT_1.18.0/GNU-tools-for-STM32/bin/../lib/gcc/arm-none-eabi/13.3.1/../../../../arm-none-eabi/lib/thumb/v7-m/nofp\libg.a(libc_a-__atexit.o)

.debug_abbrev   0x00000000     0x440b
 .debug_abbrev  0x00000000      0x261 CMakeFiles/MasterControl.elf.dir/Core/Src/can.c.obj
 .debug_abbrev  0x00000261      0x119 CMakeFiles/MasterControl.elf.dir/Core/Src/dma.c.obj
 .debug_abbrev  0x0000037a      0x173 CMakeFiles/MasterControl.elf.dir/Core/Src/gpio.c.obj
 .debug_abbrev  0x000004ed      0x28a CMakeFiles/MasterControl.elf.dir/Core/Src/main.c.obj
 .debug_abbrev  0x00000777       0xed CMakeFiles/MasterControl.elf.dir/Core/Src/stm32f1xx_hal_msp.c.obj
 .debug_abbrev  0x00000864      0x23d CMakeFiles/MasterControl.elf.dir/Core/Src/stm32f1xx_it.c.obj
 .debug_abbrev  0x00000aa1      0x143 CMakeFiles/MasterControl.elf.dir/Core/Src/system_stm32f1xx.c.obj
 .debug_abbrev  0x00000be4      0x29c CMakeFiles/MasterControl.elf.dir/Core/Src/tim.c.obj
 .debug_abbrev  0x00000e80      0x256 CMakeFiles/MasterControl.elf.dir/Core/Src/usart.c.obj
 .debug_abbrev  0x000010d6       0x24 CMakeFiles/MasterControl.elf.dir/Core/Startup/startup_stm32f103c8tx.s.obj
 .debug_abbrev  0x000010fa      0x22d CMakeFiles/MasterControl.elf.dir/Drivers/STM32F1xx_HAL_Driver/Src/stm32f1xx_hal.c.obj
 .debug_abbrev  0x00001327      0x25e CMakeFiles/MasterControl.elf.dir/Drivers/STM32F1xx_HAL_Driver/Src/stm32f1xx_hal_can.c.obj
 .debug_abbrev  0x00001585      0x36d CMakeFiles/MasterControl.elf.dir/Drivers/STM32F1xx_HAL_Driver/Src/stm32f1xx_hal_cortex.c.obj
 .debug_abbrev  0x000018f2      0x244 CMakeFiles/MasterControl.elf.dir/Drivers/STM32F1xx_HAL_Driver/Src/stm32f1xx_hal_dma.c.obj
 .debug_abbrev  0x00001b36      0x1f7 CMakeFiles/MasterControl.elf.dir/Drivers/STM32F1xx_HAL_Driver/Src/stm32f1xx_hal_gpio.c.obj
 .debug_abbrev  0x00001d2d      0x2a0 CMakeFiles/MasterControl.elf.dir/Drivers/STM32F1xx_HAL_Driver/Src/stm32f1xx_hal_rcc.c.obj
 .debug_abbrev  0x00001fcd      0x270 CMakeFiles/MasterControl.elf.dir/Drivers/STM32F1xx_HAL_Driver/Src/stm32f1xx_hal_tim.c.obj
 .debug_abbrev  0x0000223d      0x26e CMakeFiles/MasterControl.elf.dir/Drivers/STM32F1xx_HAL_Driver/Src/stm32f1xx_hal_tim_ex.c.obj
 .debug_abbrev  0x000024ab      0x31c CMakeFiles/MasterControl.elf.dir/Drivers/STM32F1xx_HAL_Driver/Src/stm32f1xx_hal_uart.c.obj
 .debug_abbrev  0x000027c7      0x1d6 CMakeFiles/MasterControl.elf.dir/Hardware/Src/Timer.c.obj
 .debug_abbrev  0x0000299d      0x21c CMakeFiles/MasterControl.elf.dir/Hardware/Src/deliver.c.obj
 .debug_abbrev  0x00002bb9      0x353 CMakeFiles/MasterControl.elf.dir/Hardware/Src/light.c.obj
 .debug_abbrev  0x00002f0c      0x200 CMakeFiles/MasterControl.elf.dir/Hardware/Src/rand_creator.c.obj
 .debug_abbrev  0x0000310c      0x39e CMakeFiles/MasterControl.elf.dir/Hardware/Src/ws2812b_hal.c.obj
 .debug_abbrev  0x000034aa      0x1dc D:/ST32/STM32CubeCLT_1.18.0/GNU-tools-for-STM32/bin/../lib/gcc/arm-none-eabi/13.3.1/../../../../arm-none-eabi/lib/thumb/v7-m/nofp\libg.a(libc_a-rand.o)
 .debug_abbrev  0x00003686      0x462 D:/ST32/STM32CubeCLT_1.18.0/GNU-tools-for-STM32/bin/../lib/gcc/arm-none-eabi/13.3.1/../../../../arm-none-eabi/lib/thumb/v7-m/nofp\libg.a(libc_a-findfp.o)
 .debug_abbrev  0x00003ae8       0x9e D:/ST32/STM32CubeCLT_1.18.0/GNU-tools-for-STM32/bin/../lib/gcc/arm-none-eabi/13.3.1/../../../../arm-none-eabi/lib/thumb/v7-m/nofp\libg.a(libc_a-memset.o)
 .debug_abbrev  0x00003b86      0x185 D:/ST32/STM32CubeCLT_1.18.0/GNU-tools-for-STM32/bin/../lib/gcc/arm-none-eabi/13.3.1/../../../../arm-none-eabi/lib/thumb/v7-m/nofp\libg.a(libc_a-impure.o)
 .debug_abbrev  0x00003d0b       0xc9 D:/ST32/STM32CubeCLT_1.18.0/GNU-tools-for-STM32/bin/../lib/gcc/arm-none-eabi/13.3.1/../../../../arm-none-eabi/lib/thumb/v7-m/nofp\libg.a(libc_a-init.o)
 .debug_abbrev  0x00003dd4      0x115 D:/ST32/STM32CubeCLT_1.18.0/GNU-tools-for-STM32/bin/../lib/gcc/arm-none-eabi/13.3.1/../../../../arm-none-eabi/lib/thumb/v7-m/nofp\libg.a(libc_a-lock.o)
 .debug_abbrev  0x00003ee9      0x20c D:/ST32/STM32CubeCLT_1.18.0/GNU-tools-for-STM32/bin/../lib/gcc/arm-none-eabi/13.3.1/../../../../arm-none-eabi/lib/thumb/v7-m/nofp\libg.a(libc_a-__call_atexit.o)
 .debug_abbrev  0x000040f5       0xc1 D:/ST32/STM32CubeCLT_1.18.0/GNU-tools-for-STM32/bin/../lib/gcc/arm-none-eabi/13.3.1/../../../../arm-none-eabi/lib/thumb/v7-m/nofp\libg.a(libc_a-atexit.o)
 .debug_abbrev  0x000041b6       0xcc D:/ST32/STM32CubeCLT_1.18.0/GNU-tools-for-STM32/bin/../lib/gcc/arm-none-eabi/13.3.1/../../../../arm-none-eabi/lib/thumb/v7-m/nofp\libg.a(libc_a-fini.o)
 .debug_abbrev  0x00004282      0x189 D:/ST32/STM32CubeCLT_1.18.0/GNU-tools-for-STM32/bin/../lib/gcc/arm-none-eabi/13.3.1/../../../../arm-none-eabi/lib/thumb/v7-m/nofp\libg.a(libc_a-__atexit.o)

.debug_loclists
                0x00000000     0xa61f
 .debug_loclists
                0x00000000       0x75 CMakeFiles/MasterControl.elf.dir/Core/Src/can.c.obj
 .debug_loclists
                0x00000075       0x17 CMakeFiles/MasterControl.elf.dir/Core/Src/stm32f1xx_hal_msp.c.obj
 .debug_loclists
                0x0000008c       0xb7 CMakeFiles/MasterControl.elf.dir/Core/Src/system_stm32f1xx.c.obj
 .debug_loclists
                0x00000143       0xd0 CMakeFiles/MasterControl.elf.dir/Core/Src/tim.c.obj
 .debug_loclists
                0x00000213       0x8a CMakeFiles/MasterControl.elf.dir/Core/Src/usart.c.obj
 .debug_loclists
                0x0000029d       0xe1 CMakeFiles/MasterControl.elf.dir/Drivers/STM32F1xx_HAL_Driver/Src/stm32f1xx_hal.c.obj
 .debug_loclists
                0x0000037e      0xa1a CMakeFiles/MasterControl.elf.dir/Drivers/STM32F1xx_HAL_Driver/Src/stm32f1xx_hal_can.c.obj
 .debug_loclists
                0x00000d98      0x530 CMakeFiles/MasterControl.elf.dir/Drivers/STM32F1xx_HAL_Driver/Src/stm32f1xx_hal_cortex.c.obj
 .debug_loclists
                0x000012c8      0x562 CMakeFiles/MasterControl.elf.dir/Drivers/STM32F1xx_HAL_Driver/Src/stm32f1xx_hal_dma.c.obj
 .debug_loclists
                0x0000182a      0x318 CMakeFiles/MasterControl.elf.dir/Drivers/STM32F1xx_HAL_Driver/Src/stm32f1xx_hal_gpio.c.obj
 .debug_loclists
                0x00001b42      0x42e CMakeFiles/MasterControl.elf.dir/Drivers/STM32F1xx_HAL_Driver/Src/stm32f1xx_hal_rcc.c.obj
 .debug_loclists
                0x00001f70     0x37e2 CMakeFiles/MasterControl.elf.dir/Drivers/STM32F1xx_HAL_Driver/Src/stm32f1xx_hal_tim.c.obj
 .debug_loclists
                0x00005752     0x1398 CMakeFiles/MasterControl.elf.dir/Drivers/STM32F1xx_HAL_Driver/Src/stm32f1xx_hal_tim_ex.c.obj
 .debug_loclists
                0x00006aea     0x2d99 CMakeFiles/MasterControl.elf.dir/Drivers/STM32F1xx_HAL_Driver/Src/stm32f1xx_hal_uart.c.obj
 .debug_loclists
                0x00009883       0x6e CMakeFiles/MasterControl.elf.dir/Hardware/Src/Timer.c.obj
 .debug_loclists
                0x000098f1       0xe4 CMakeFiles/MasterControl.elf.dir/Hardware/Src/deliver.c.obj
 .debug_loclists
                0x000099d5      0x116 CMakeFiles/MasterControl.elf.dir/Hardware/Src/light.c.obj
 .debug_loclists
                0x00009aeb       0x68 CMakeFiles/MasterControl.elf.dir/Hardware/Src/rand_creator.c.obj
 .debug_loclists
                0x00009b53      0x589 CMakeFiles/MasterControl.elf.dir/Hardware/Src/ws2812b_hal.c.obj
 .debug_loclists
                0x0000a0dc       0x2c D:/ST32/STM32CubeCLT_1.18.0/GNU-tools-for-STM32/bin/../lib/gcc/arm-none-eabi/13.3.1/../../../../arm-none-eabi/lib/thumb/v7-m/nofp\libg.a(libc_a-rand.o)
 .debug_loclists
                0x0000a108      0x2ac D:/ST32/STM32CubeCLT_1.18.0/GNU-tools-for-STM32/bin/../lib/gcc/arm-none-eabi/13.3.1/../../../../arm-none-eabi/lib/thumb/v7-m/nofp\libg.a(libc_a-findfp.o)
 .debug_loclists
                0x0000a3b4       0x3b D:/ST32/STM32CubeCLT_1.18.0/GNU-tools-for-STM32/bin/../lib/gcc/arm-none-eabi/13.3.1/../../../../arm-none-eabi/lib/thumb/v7-m/nofp\libg.a(libc_a-memset.o)
 .debug_loclists
                0x0000a3ef       0x34 D:/ST32/STM32CubeCLT_1.18.0/GNU-tools-for-STM32/bin/../lib/gcc/arm-none-eabi/13.3.1/../../../../arm-none-eabi/lib/thumb/v7-m/nofp\libg.a(libc_a-init.o)
 .debug_loclists
                0x0000a423       0x29 D:/ST32/STM32CubeCLT_1.18.0/GNU-tools-for-STM32/bin/../lib/gcc/arm-none-eabi/13.3.1/../../../../arm-none-eabi/lib/thumb/v7-m/nofp\libg.a(libc_a-lock.o)
 .debug_loclists
                0x0000a44c       0xda D:/ST32/STM32CubeCLT_1.18.0/GNU-tools-for-STM32/bin/../lib/gcc/arm-none-eabi/13.3.1/../../../../arm-none-eabi/lib/thumb/v7-m/nofp\libg.a(libc_a-__call_atexit.o)
 .debug_loclists
                0x0000a526       0x30 D:/ST32/STM32CubeCLT_1.18.0/GNU-tools-for-STM32/bin/../lib/gcc/arm-none-eabi/13.3.1/../../../../arm-none-eabi/lib/thumb/v7-m/nofp\libg.a(libc_a-atexit.o)
 .debug_loclists
                0x0000a556       0x3b D:/ST32/STM32CubeCLT_1.18.0/GNU-tools-for-STM32/bin/../lib/gcc/arm-none-eabi/13.3.1/../../../../arm-none-eabi/lib/thumb/v7-m/nofp\libg.a(libc_a-fini.o)
 .debug_loclists
                0x0000a591       0x8e D:/ST32/STM32CubeCLT_1.18.0/GNU-tools-for-STM32/bin/../lib/gcc/arm-none-eabi/13.3.1/../../../../arm-none-eabi/lib/thumb/v7-m/nofp\libg.a(libc_a-__atexit.o)

.debug_aranges  0x00000000     0x10d8
 .debug_aranges
                0x00000000       0x30 CMakeFiles/MasterControl.elf.dir/Core/Src/can.c.obj
 .debug_aranges
                0x00000030       0x20 CMakeFiles/MasterControl.elf.dir/Core/Src/dma.c.obj
 .debug_aranges
                0x00000050       0x20 CMakeFiles/MasterControl.elf.dir/Core/Src/gpio.c.obj
 .debug_aranges
                0x00000070       0x30 CMakeFiles/MasterControl.elf.dir/Core/Src/main.c.obj
 .debug_aranges
                0x000000a0       0x20 CMakeFiles/MasterControl.elf.dir/Core/Src/stm32f1xx_hal_msp.c.obj
 .debug_aranges
                0x000000c0       0x88 CMakeFiles/MasterControl.elf.dir/Core/Src/stm32f1xx_it.c.obj
 .debug_aranges
                0x00000148       0x28 CMakeFiles/MasterControl.elf.dir/Core/Src/system_stm32f1xx.c.obj
 .debug_aranges
                0x00000170       0x48 CMakeFiles/MasterControl.elf.dir/Core/Src/tim.c.obj
 .debug_aranges
                0x000001b8       0x38 CMakeFiles/MasterControl.elf.dir/Core/Src/usart.c.obj
 .debug_aranges
                0x000001f0       0x28 CMakeFiles/MasterControl.elf.dir/Core/Startup/startup_stm32f103c8tx.s.obj
 .debug_aranges
                0x00000218       0xe0 CMakeFiles/MasterControl.elf.dir/Drivers/STM32F1xx_HAL_Driver/Src/stm32f1xx_hal.c.obj
 .debug_aranges
                0x000002f8      0x138 CMakeFiles/MasterControl.elf.dir/Drivers/STM32F1xx_HAL_Driver/Src/stm32f1xx_hal_can.c.obj
 .debug_aranges
                0x00000430       0xc0 CMakeFiles/MasterControl.elf.dir/Drivers/STM32F1xx_HAL_Driver/Src/stm32f1xx_hal_cortex.c.obj
 .debug_aranges
                0x000004f0       0x80 CMakeFiles/MasterControl.elf.dir/Drivers/STM32F1xx_HAL_Driver/Src/stm32f1xx_hal_dma.c.obj
 .debug_aranges
                0x00000570       0x58 CMakeFiles/MasterControl.elf.dir/Drivers/STM32F1xx_HAL_Driver/Src/stm32f1xx_hal_gpio.c.obj
 .debug_aranges
                0x000005c8       0x90 CMakeFiles/MasterControl.elf.dir/Drivers/STM32F1xx_HAL_Driver/Src/stm32f1xx_hal_rcc.c.obj
 .debug_aranges
                0x00000658      0x3d0 CMakeFiles/MasterControl.elf.dir/Drivers/STM32F1xx_HAL_Driver/Src/stm32f1xx_hal_tim.c.obj
 .debug_aranges
                0x00000a28      0x168 CMakeFiles/MasterControl.elf.dir/Drivers/STM32F1xx_HAL_Driver/Src/stm32f1xx_hal_tim_ex.c.obj
 .debug_aranges
                0x00000b90      0x208 CMakeFiles/MasterControl.elf.dir/Drivers/STM32F1xx_HAL_Driver/Src/stm32f1xx_hal_uart.c.obj
 .debug_aranges
                0x00000d98       0x38 CMakeFiles/MasterControl.elf.dir/Hardware/Src/Timer.c.obj
 .debug_aranges
                0x00000dd0       0x50 CMakeFiles/MasterControl.elf.dir/Hardware/Src/deliver.c.obj
 .debug_aranges
                0x00000e20       0x38 CMakeFiles/MasterControl.elf.dir/Hardware/Src/light.c.obj
 .debug_aranges
                0x00000e58       0x28 CMakeFiles/MasterControl.elf.dir/Hardware/Src/rand_creator.c.obj
 .debug_aranges
                0x00000e80       0x70 CMakeFiles/MasterControl.elf.dir/Hardware/Src/ws2812b_hal.c.obj
 .debug_aranges
                0x00000ef0       0x28 D:/ST32/STM32CubeCLT_1.18.0/GNU-tools-for-STM32/bin/../lib/gcc/arm-none-eabi/13.3.1/../../../../arm-none-eabi/lib/thumb/v7-m/nofp\libg.a(libc_a-rand.o)
 .debug_aranges
                0x00000f18       0x78 D:/ST32/STM32CubeCLT_1.18.0/GNU-tools-for-STM32/bin/../lib/gcc/arm-none-eabi/13.3.1/../../../../arm-none-eabi/lib/thumb/v7-m/nofp\libg.a(libc_a-findfp.o)
 .debug_aranges
                0x00000f90       0x20 D:/ST32/STM32CubeCLT_1.18.0/GNU-tools-for-STM32/bin/../lib/gcc/arm-none-eabi/13.3.1/../../../../arm-none-eabi/lib/thumb/v7-m/nofp\libg.a(libc_a-memset.o)
 .debug_aranges
                0x00000fb0       0x18 D:/ST32/STM32CubeCLT_1.18.0/GNU-tools-for-STM32/bin/../lib/gcc/arm-none-eabi/13.3.1/../../../../arm-none-eabi/lib/thumb/v7-m/nofp\libg.a(libc_a-impure.o)
 .debug_aranges
                0x00000fc8       0x20 D:/ST32/STM32CubeCLT_1.18.0/GNU-tools-for-STM32/bin/../lib/gcc/arm-none-eabi/13.3.1/../../../../arm-none-eabi/lib/thumb/v7-m/nofp\libg.a(libc_a-init.o)
 .debug_aranges
                0x00000fe8       0x68 D:/ST32/STM32CubeCLT_1.18.0/GNU-tools-for-STM32/bin/../lib/gcc/arm-none-eabi/13.3.1/../../../../arm-none-eabi/lib/thumb/v7-m/nofp\libg.a(libc_a-lock.o)
 .debug_aranges
                0x00001050       0x28 D:/ST32/STM32CubeCLT_1.18.0/GNU-tools-for-STM32/bin/../lib/gcc/arm-none-eabi/13.3.1/../../../../arm-none-eabi/lib/thumb/v7-m/nofp\libg.a(libc_a-__call_atexit.o)
 .debug_aranges
                0x00001078       0x20 D:/ST32/STM32CubeCLT_1.18.0/GNU-tools-for-STM32/bin/../lib/gcc/arm-none-eabi/13.3.1/../../../../arm-none-eabi/lib/thumb/v7-m/nofp\libg.a(libc_a-atexit.o)
 .debug_aranges
                0x00001098       0x20 D:/ST32/STM32CubeCLT_1.18.0/GNU-tools-for-STM32/bin/../lib/gcc/arm-none-eabi/13.3.1/../../../../arm-none-eabi/lib/thumb/v7-m/nofp\libg.a(libc_a-fini.o)
 .debug_aranges
                0x000010b8       0x20 D:/ST32/STM32CubeCLT_1.18.0/GNU-tools-for-STM32/bin/../lib/gcc/arm-none-eabi/13.3.1/../../../../arm-none-eabi/lib/thumb/v7-m/nofp\libg.a(libc_a-__atexit.o)

.debug_rnglists
                0x00000000      0xcec
 .debug_rnglists
                0x00000000       0x20 CMakeFiles/MasterControl.elf.dir/Core/Src/can.c.obj
 .debug_rnglists
                0x00000020       0x13 CMakeFiles/MasterControl.elf.dir/Core/Src/dma.c.obj
 .debug_rnglists
                0x00000033       0x14 CMakeFiles/MasterControl.elf.dir/Core/Src/gpio.c.obj
 .debug_rnglists
                0x00000047       0x1f CMakeFiles/MasterControl.elf.dir/Core/Src/main.c.obj
 .debug_rnglists
                0x00000066       0x13 CMakeFiles/MasterControl.elf.dir/Core/Src/stm32f1xx_hal_msp.c.obj
 .debug_rnglists
                0x00000079       0x61 CMakeFiles/MasterControl.elf.dir/Core/Src/stm32f1xx_it.c.obj
 .debug_rnglists
                0x000000da       0x1a CMakeFiles/MasterControl.elf.dir/Core/Src/system_stm32f1xx.c.obj
 .debug_rnglists
                0x000000f4       0x33 CMakeFiles/MasterControl.elf.dir/Core/Src/tim.c.obj
 .debug_rnglists
                0x00000127       0x26 CMakeFiles/MasterControl.elf.dir/Core/Src/usart.c.obj
 .debug_rnglists
                0x0000014d       0x19 CMakeFiles/MasterControl.elf.dir/Core/Startup/startup_stm32f103c8tx.s.obj
 .debug_rnglists
                0x00000166       0xa3 CMakeFiles/MasterControl.elf.dir/Drivers/STM32F1xx_HAL_Driver/Src/stm32f1xx_hal.c.obj
 .debug_rnglists
                0x00000209       0xea CMakeFiles/MasterControl.elf.dir/Drivers/STM32F1xx_HAL_Driver/Src/stm32f1xx_hal_can.c.obj
 .debug_rnglists
                0x000002f3       0x8b CMakeFiles/MasterControl.elf.dir/Drivers/STM32F1xx_HAL_Driver/Src/stm32f1xx_hal_cortex.c.obj
 .debug_rnglists
                0x0000037e       0x5e CMakeFiles/MasterControl.elf.dir/Drivers/STM32F1xx_HAL_Driver/Src/stm32f1xx_hal_dma.c.obj
 .debug_rnglists
                0x000003dc       0x3f CMakeFiles/MasterControl.elf.dir/Drivers/STM32F1xx_HAL_Driver/Src/stm32f1xx_hal_gpio.c.obj
 .debug_rnglists
                0x0000041b       0x7d CMakeFiles/MasterControl.elf.dir/Drivers/STM32F1xx_HAL_Driver/Src/stm32f1xx_hal_rcc.c.obj
 .debug_rnglists
                0x00000498      0x2fe CMakeFiles/MasterControl.elf.dir/Drivers/STM32F1xx_HAL_Driver/Src/stm32f1xx_hal_tim.c.obj
 .debug_rnglists
                0x00000796      0x11a CMakeFiles/MasterControl.elf.dir/Drivers/STM32F1xx_HAL_Driver/Src/stm32f1xx_hal_tim_ex.c.obj
 .debug_rnglists
                0x000008b0      0x1a1 CMakeFiles/MasterControl.elf.dir/Drivers/STM32F1xx_HAL_Driver/Src/stm32f1xx_hal_uart.c.obj
 .debug_rnglists
                0x00000a51       0x25 CMakeFiles/MasterControl.elf.dir/Hardware/Src/Timer.c.obj
 .debug_rnglists
                0x00000a76       0x37 CMakeFiles/MasterControl.elf.dir/Hardware/Src/deliver.c.obj
 .debug_rnglists
                0x00000aad       0x5f CMakeFiles/MasterControl.elf.dir/Hardware/Src/light.c.obj
 .debug_rnglists
                0x00000b0c       0x19 CMakeFiles/MasterControl.elf.dir/Hardware/Src/rand_creator.c.obj
 .debug_rnglists
                0x00000b25       0x5e CMakeFiles/MasterControl.elf.dir/Hardware/Src/ws2812b_hal.c.obj
 .debug_rnglists
                0x00000b83       0x19 D:/ST32/STM32CubeCLT_1.18.0/GNU-tools-for-STM32/bin/../lib/gcc/arm-none-eabi/13.3.1/../../../../arm-none-eabi/lib/thumb/v7-m/nofp\libg.a(libc_a-rand.o)
 .debug_rnglists
                0x00000b9c       0x7d D:/ST32/STM32CubeCLT_1.18.0/GNU-tools-for-STM32/bin/../lib/gcc/arm-none-eabi/13.3.1/../../../../arm-none-eabi/lib/thumb/v7-m/nofp\libg.a(libc_a-findfp.o)
 .debug_rnglists
                0x00000c19       0x13 D:/ST32/STM32CubeCLT_1.18.0/GNU-tools-for-STM32/bin/../lib/gcc/arm-none-eabi/13.3.1/../../../../arm-none-eabi/lib/thumb/v7-m/nofp\libg.a(libc_a-memset.o)
 .debug_rnglists
                0x00000c2c       0x13 D:/ST32/STM32CubeCLT_1.18.0/GNU-tools-for-STM32/bin/../lib/gcc/arm-none-eabi/13.3.1/../../../../arm-none-eabi/lib/thumb/v7-m/nofp\libg.a(libc_a-init.o)
 .debug_rnglists
                0x00000c3f       0x49 D:/ST32/STM32CubeCLT_1.18.0/GNU-tools-for-STM32/bin/../lib/gcc/arm-none-eabi/13.3.1/../../../../arm-none-eabi/lib/thumb/v7-m/nofp\libg.a(libc_a-lock.o)
 .debug_rnglists
                0x00000c88       0x2a D:/ST32/STM32CubeCLT_1.18.0/GNU-tools-for-STM32/bin/../lib/gcc/arm-none-eabi/13.3.1/../../../../arm-none-eabi/lib/thumb/v7-m/nofp\libg.a(libc_a-__call_atexit.o)
 .debug_rnglists
                0x00000cb2       0x13 D:/ST32/STM32CubeCLT_1.18.0/GNU-tools-for-STM32/bin/../lib/gcc/arm-none-eabi/13.3.1/../../../../arm-none-eabi/lib/thumb/v7-m/nofp\libg.a(libc_a-atexit.o)
 .debug_rnglists
                0x00000cc5       0x13 D:/ST32/STM32CubeCLT_1.18.0/GNU-tools-for-STM32/bin/../lib/gcc/arm-none-eabi/13.3.1/../../../../arm-none-eabi/lib/thumb/v7-m/nofp\libg.a(libc_a-fini.o)
 .debug_rnglists
                0x00000cd8       0x14 D:/ST32/STM32CubeCLT_1.18.0/GNU-tools-for-STM32/bin/../lib/gcc/arm-none-eabi/13.3.1/../../../../arm-none-eabi/lib/thumb/v7-m/nofp\libg.a(libc_a-__atexit.o)

.debug_line     0x00000000    0x13cba
 .debug_line    0x00000000      0x4e9 CMakeFiles/MasterControl.elf.dir/Core/Src/can.c.obj
 .debug_line    0x000004e9      0x309 CMakeFiles/MasterControl.elf.dir/Core/Src/dma.c.obj
 .debug_line    0x000007f2      0x393 CMakeFiles/MasterControl.elf.dir/Core/Src/gpio.c.obj
 .debug_line    0x00000b85      0x621 CMakeFiles/MasterControl.elf.dir/Core/Src/main.c.obj
 .debug_line    0x000011a6      0x282 CMakeFiles/MasterControl.elf.dir/Core/Src/stm32f1xx_hal_msp.c.obj
 .debug_line    0x00001428      0x4d3 CMakeFiles/MasterControl.elf.dir/Core/Src/stm32f1xx_it.c.obj
 .debug_line    0x000018fb      0x34b CMakeFiles/MasterControl.elf.dir/Core/Src/system_stm32f1xx.c.obj
 .debug_line    0x00001c46      0x7f3 CMakeFiles/MasterControl.elf.dir/Core/Src/tim.c.obj
 .debug_line    0x00002439      0x504 CMakeFiles/MasterControl.elf.dir/Core/Src/usart.c.obj
 .debug_line    0x0000293d       0x78 CMakeFiles/MasterControl.elf.dir/Core/Startup/startup_stm32f103c8tx.s.obj
 .debug_line    0x000029b5      0x6fc CMakeFiles/MasterControl.elf.dir/Drivers/STM32F1xx_HAL_Driver/Src/stm32f1xx_hal.c.obj
 .debug_line    0x000030b1     0x1314 CMakeFiles/MasterControl.elf.dir/Drivers/STM32F1xx_HAL_Driver/Src/stm32f1xx_hal_can.c.obj
 .debug_line    0x000043c5      0x811 CMakeFiles/MasterControl.elf.dir/Drivers/STM32F1xx_HAL_Driver/Src/stm32f1xx_hal_cortex.c.obj
 .debug_line    0x00004bd6      0xc59 CMakeFiles/MasterControl.elf.dir/Drivers/STM32F1xx_HAL_Driver/Src/stm32f1xx_hal_dma.c.obj
 .debug_line    0x0000582f      0x73a CMakeFiles/MasterControl.elf.dir/Drivers/STM32F1xx_HAL_Driver/Src/stm32f1xx_hal_gpio.c.obj
 .debug_line    0x00005f69      0xe14 CMakeFiles/MasterControl.elf.dir/Drivers/STM32F1xx_HAL_Driver/Src/stm32f1xx_hal_rcc.c.obj
 .debug_line    0x00006d7d     0x4796 CMakeFiles/MasterControl.elf.dir/Drivers/STM32F1xx_HAL_Driver/Src/stm32f1xx_hal_tim.c.obj
 .debug_line    0x0000b513     0x1b79 CMakeFiles/MasterControl.elf.dir/Drivers/STM32F1xx_HAL_Driver/Src/stm32f1xx_hal_tim_ex.c.obj
 .debug_line    0x0000d08c     0x36e9 CMakeFiles/MasterControl.elf.dir/Drivers/STM32F1xx_HAL_Driver/Src/stm32f1xx_hal_uart.c.obj
 .debug_line    0x00010775      0x484 CMakeFiles/MasterControl.elf.dir/Hardware/Src/Timer.c.obj
 .debug_line    0x00010bf9      0x587 CMakeFiles/MasterControl.elf.dir/Hardware/Src/deliver.c.obj
 .debug_line    0x00011180      0x959 CMakeFiles/MasterControl.elf.dir/Hardware/Src/light.c.obj
 .debug_line    0x00011ad9      0x49e CMakeFiles/MasterControl.elf.dir/Hardware/Src/rand_creator.c.obj
 .debug_line    0x00011f77      0x8dc CMakeFiles/MasterControl.elf.dir/Hardware/Src/ws2812b_hal.c.obj
 .debug_line    0x00012853      0x223 D:/ST32/STM32CubeCLT_1.18.0/GNU-tools-for-STM32/bin/../lib/gcc/arm-none-eabi/13.3.1/../../../../arm-none-eabi/lib/thumb/v7-m/nofp\libg.a(libc_a-rand.o)
 .debug_line    0x00012a76      0x5e5 D:/ST32/STM32CubeCLT_1.18.0/GNU-tools-for-STM32/bin/../lib/gcc/arm-none-eabi/13.3.1/../../../../arm-none-eabi/lib/thumb/v7-m/nofp\libg.a(libc_a-findfp.o)
 .debug_line    0x0001305b      0x17e D:/ST32/STM32CubeCLT_1.18.0/GNU-tools-for-STM32/bin/../lib/gcc/arm-none-eabi/13.3.1/../../../../arm-none-eabi/lib/thumb/v7-m/nofp\libg.a(libc_a-memset.o)
 .debug_line    0x000131d9      0x163 D:/ST32/STM32CubeCLT_1.18.0/GNU-tools-for-STM32/bin/../lib/gcc/arm-none-eabi/13.3.1/../../../../arm-none-eabi/lib/thumb/v7-m/nofp\libg.a(libc_a-impure.o)
 .debug_line    0x0001333c      0x165 D:/ST32/STM32CubeCLT_1.18.0/GNU-tools-for-STM32/bin/../lib/gcc/arm-none-eabi/13.3.1/../../../../arm-none-eabi/lib/thumb/v7-m/nofp\libg.a(libc_a-init.o)
 .debug_line    0x000134a1      0x19b D:/ST32/STM32CubeCLT_1.18.0/GNU-tools-for-STM32/bin/../lib/gcc/arm-none-eabi/13.3.1/../../../../arm-none-eabi/lib/thumb/v7-m/nofp\libg.a(libc_a-lock.o)
 .debug_line    0x0001363c      0x2a3 D:/ST32/STM32CubeCLT_1.18.0/GNU-tools-for-STM32/bin/../lib/gcc/arm-none-eabi/13.3.1/../../../../arm-none-eabi/lib/thumb/v7-m/nofp\libg.a(libc_a-__call_atexit.o)
 .debug_line    0x000138df      0x102 D:/ST32/STM32CubeCLT_1.18.0/GNU-tools-for-STM32/bin/../lib/gcc/arm-none-eabi/13.3.1/../../../../arm-none-eabi/lib/thumb/v7-m/nofp\libg.a(libc_a-atexit.o)
 .debug_line    0x000139e1      0x134 D:/ST32/STM32CubeCLT_1.18.0/GNU-tools-for-STM32/bin/../lib/gcc/arm-none-eabi/13.3.1/../../../../arm-none-eabi/lib/thumb/v7-m/nofp\libg.a(libc_a-fini.o)
 .debug_line    0x00013b15      0x1a5 D:/ST32/STM32CubeCLT_1.18.0/GNU-tools-for-STM32/bin/../lib/gcc/arm-none-eabi/13.3.1/../../../../arm-none-eabi/lib/thumb/v7-m/nofp\libg.a(libc_a-__atexit.o)

.debug_str      0x00000000     0x5a78
 .debug_str     0x00000000     0x5a78 CMakeFiles/MasterControl.elf.dir/Core/Src/can.c.obj
                                0x947 (size before relaxing)
 .debug_str     0x00005a78      0x5a0 CMakeFiles/MasterControl.elf.dir/Core/Src/dma.c.obj
 .debug_str     0x00005a78      0x648 CMakeFiles/MasterControl.elf.dir/Core/Src/gpio.c.obj
 .debug_str     0x00005a78      0x9b4 CMakeFiles/MasterControl.elf.dir/Core/Src/main.c.obj
 .debug_str     0x00005a78      0x2d5 CMakeFiles/MasterControl.elf.dir/Core/Src/stm32f1xx_hal_msp.c.obj
 .debug_str     0x00005a78      0xd1d CMakeFiles/MasterControl.elf.dir/Core/Src/stm32f1xx_it.c.obj
 .debug_str     0x00005a78      0x30a CMakeFiles/MasterControl.elf.dir/Core/Src/system_stm32f1xx.c.obj
 .debug_str     0x00005a78      0xe21 CMakeFiles/MasterControl.elf.dir/Core/Src/tim.c.obj
 .debug_str     0x00005a78      0xac7 CMakeFiles/MasterControl.elf.dir/Core/Src/usart.c.obj
 .debug_str     0x00005a78      0x11b CMakeFiles/MasterControl.elf.dir/Core/Startup/startup_stm32f103c8tx.s.obj
 .debug_str     0x00005a78      0x8e4 CMakeFiles/MasterControl.elf.dir/Drivers/STM32F1xx_HAL_Driver/Src/stm32f1xx_hal.c.obj
 .debug_str     0x00005a78      0xaf4 CMakeFiles/MasterControl.elf.dir/Drivers/STM32F1xx_HAL_Driver/Src/stm32f1xx_hal_can.c.obj
 .debug_str     0x00005a78      0x989 CMakeFiles/MasterControl.elf.dir/Drivers/STM32F1xx_HAL_Driver/Src/stm32f1xx_hal_cortex.c.obj
 .debug_str     0x00005a78      0x6b3 CMakeFiles/MasterControl.elf.dir/Drivers/STM32F1xx_HAL_Driver/Src/stm32f1xx_hal_dma.c.obj
 .debug_str     0x00005a78      0x4b6 CMakeFiles/MasterControl.elf.dir/Drivers/STM32F1xx_HAL_Driver/Src/stm32f1xx_hal_gpio.c.obj
 .debug_str     0x00005a78      0x6e1 CMakeFiles/MasterControl.elf.dir/Drivers/STM32F1xx_HAL_Driver/Src/stm32f1xx_hal_rcc.c.obj
 .debug_str     0x00005a78     0x172b CMakeFiles/MasterControl.elf.dir/Drivers/STM32F1xx_HAL_Driver/Src/stm32f1xx_hal_tim.c.obj
 .debug_str     0x00005a78      0xf47 CMakeFiles/MasterControl.elf.dir/Drivers/STM32F1xx_HAL_Driver/Src/stm32f1xx_hal_tim_ex.c.obj
 .debug_str     0x00005a78      0xdaa CMakeFiles/MasterControl.elf.dir/Drivers/STM32F1xx_HAL_Driver/Src/stm32f1xx_hal_uart.c.obj
 .debug_str     0x00005a78      0x7cc CMakeFiles/MasterControl.elf.dir/Hardware/Src/Timer.c.obj
 .debug_str     0x00005a78      0x781 CMakeFiles/MasterControl.elf.dir/Hardware/Src/deliver.c.obj
 .debug_str     0x00005a78      0x8d6 CMakeFiles/MasterControl.elf.dir/Hardware/Src/light.c.obj
 .debug_str     0x00005a78      0x782 CMakeFiles/MasterControl.elf.dir/Hardware/Src/rand_creator.c.obj
 .debug_str     0x00005a78      0x92b CMakeFiles/MasterControl.elf.dir/Hardware/Src/ws2812b_hal.c.obj
 .debug_str     0x00005a78      0x531 D:/ST32/STM32CubeCLT_1.18.0/GNU-tools-for-STM32/bin/../lib/gcc/arm-none-eabi/13.3.1/../../../../arm-none-eabi/lib/thumb/v7-m/nofp\libg.a(libc_a-rand.o)
 .debug_str     0x00005a78      0x7b1 D:/ST32/STM32CubeCLT_1.18.0/GNU-tools-for-STM32/bin/../lib/gcc/arm-none-eabi/13.3.1/../../../../arm-none-eabi/lib/thumb/v7-m/nofp\libg.a(libc_a-findfp.o)
 .debug_str     0x00005a78      0x204 D:/ST32/STM32CubeCLT_1.18.0/GNU-tools-for-STM32/bin/../lib/gcc/arm-none-eabi/13.3.1/../../../../arm-none-eabi/lib/thumb/v7-m/nofp\libg.a(libc_a-memset.o)
 .debug_str     0x00005a78      0x52e D:/ST32/STM32CubeCLT_1.18.0/GNU-tools-for-STM32/bin/../lib/gcc/arm-none-eabi/13.3.1/../../../../arm-none-eabi/lib/thumb/v7-m/nofp\libg.a(libc_a-impure.o)
 .debug_str     0x00005a78      0x265 D:/ST32/STM32CubeCLT_1.18.0/GNU-tools-for-STM32/bin/../lib/gcc/arm-none-eabi/13.3.1/../../../../arm-none-eabi/lib/thumb/v7-m/nofp\libg.a(libc_a-init.o)
 .debug_str     0x00005a78      0x39b D:/ST32/STM32CubeCLT_1.18.0/GNU-tools-for-STM32/bin/../lib/gcc/arm-none-eabi/13.3.1/../../../../arm-none-eabi/lib/thumb/v7-m/nofp\libg.a(libc_a-lock.o)
 .debug_str     0x00005a78      0x341 D:/ST32/STM32CubeCLT_1.18.0/GNU-tools-for-STM32/bin/../lib/gcc/arm-none-eabi/13.3.1/../../../../arm-none-eabi/lib/thumb/v7-m/nofp\libg.a(libc_a-__call_atexit.o)
 .debug_str     0x00005a78      0x241 D:/ST32/STM32CubeCLT_1.18.0/GNU-tools-for-STM32/bin/../lib/gcc/arm-none-eabi/13.3.1/../../../../arm-none-eabi/lib/thumb/v7-m/nofp\libg.a(libc_a-atexit.o)
 .debug_str     0x00005a78      0x23b D:/ST32/STM32CubeCLT_1.18.0/GNU-tools-for-STM32/bin/../lib/gcc/arm-none-eabi/13.3.1/../../../../arm-none-eabi/lib/thumb/v7-m/nofp\libg.a(libc_a-fini.o)
 .debug_str     0x00005a78      0x318 D:/ST32/STM32CubeCLT_1.18.0/GNU-tools-for-STM32/bin/../lib/gcc/arm-none-eabi/13.3.1/../../../../arm-none-eabi/lib/thumb/v7-m/nofp\libg.a(libc_a-__atexit.o)

.comment        0x00000000       0x43
 .comment       0x00000000       0x43 CMakeFiles/MasterControl.elf.dir/Core/Src/can.c.obj
                                 0x44 (size before relaxing)
 .comment       0x00000043       0x44 CMakeFiles/MasterControl.elf.dir/Core/Src/dma.c.obj
 .comment       0x00000043       0x44 CMakeFiles/MasterControl.elf.dir/Core/Src/gpio.c.obj
 .comment       0x00000043       0x44 CMakeFiles/MasterControl.elf.dir/Core/Src/main.c.obj
 .comment       0x00000043       0x44 CMakeFiles/MasterControl.elf.dir/Core/Src/stm32f1xx_hal_msp.c.obj
 .comment       0x00000043       0x44 CMakeFiles/MasterControl.elf.dir/Core/Src/stm32f1xx_it.c.obj
 .comment       0x00000043       0x44 CMakeFiles/MasterControl.elf.dir/Core/Src/system_stm32f1xx.c.obj
 .comment       0x00000043       0x44 CMakeFiles/MasterControl.elf.dir/Core/Src/tim.c.obj
 .comment       0x00000043       0x44 CMakeFiles/MasterControl.elf.dir/Core/Src/usart.c.obj
 .comment       0x00000043       0x44 CMakeFiles/MasterControl.elf.dir/Drivers/STM32F1xx_HAL_Driver/Src/stm32f1xx_hal.c.obj
 .comment       0x00000043       0x44 CMakeFiles/MasterControl.elf.dir/Drivers/STM32F1xx_HAL_Driver/Src/stm32f1xx_hal_can.c.obj
 .comment       0x00000043       0x44 CMakeFiles/MasterControl.elf.dir/Drivers/STM32F1xx_HAL_Driver/Src/stm32f1xx_hal_cortex.c.obj
 .comment       0x00000043       0x44 CMakeFiles/MasterControl.elf.dir/Drivers/STM32F1xx_HAL_Driver/Src/stm32f1xx_hal_dma.c.obj
 .comment       0x00000043       0x44 CMakeFiles/MasterControl.elf.dir/Drivers/STM32F1xx_HAL_Driver/Src/stm32f1xx_hal_gpio.c.obj
 .comment       0x00000043       0x44 CMakeFiles/MasterControl.elf.dir/Drivers/STM32F1xx_HAL_Driver/Src/stm32f1xx_hal_rcc.c.obj
 .comment       0x00000043       0x44 CMakeFiles/MasterControl.elf.dir/Drivers/STM32F1xx_HAL_Driver/Src/stm32f1xx_hal_tim.c.obj